2026-09-20 20:37:56 | DEBUG    | tts5703.tts_engine | event=cosyvoice_worker_stderr message=[2026-09-20 20:37:56,038] [INFO] [real_accelerator.py:203:get_accelerator] Setting ds_accelerator to cuda (auto detect)
2026-09-20 20:37:58 | DEBUG    | tts5703.tts_engine | event=cosyvoice_worker_stderr message=Sliding Window Attention is enabled but not implemented for `sdpa`; unexpected results may be encountered.
2026-09-20 20:37:59 | DEBUG    | tts5703.tts_engine | event=cosyvoice_worker_stderr message=/home/myu/code/5703tts/third_party/CosyVoice/.venv/lib/python3.10/site-packages/lightning/fabric/__init__.py:41: pkg_resources is deprecated as an API. See https://setuptools.pypa.io/en/latest/pkg_resources.html. The pkg_resources package is slated for removal as early as 2025-11-30. Refrain from using this package or pin to Setuptools<81.
2026-09-20 20:38:01 | DEBUG    | tts5703.tts_engine | event=cosyvoice_worker_stderr message=2026-09-20 20:38:01,832 INFO input frame rate=25
2026-09-20 20:38:02 | DEBUG    | tts5703.tts_engine | event=cosyvoice_worker_stderr message=/home/myu/code/5703tts/third_party/CosyVoice/.venv/lib/python3.10/site-packages/torch/nn/utils/weight_norm.py:28: UserWarning: torch.nn.utils.weight_norm is deprecated in favor of torch.nn.utils.parametrizations.weight_norm.
2026-09-20 20:38:02 | DEBUG    | tts5703.tts_engine | event=cosyvoice_worker_stderr message=  warnings.warn("torch.nn.utils.weight_norm is deprecated in favor of torch.nn.utils.parametrizations.weight_norm.")
2026-09-20 20:38:04 | DEBUG    | tts5703.tts_engine | event=cosyvoice_worker_stderr message=[0;93m2026-09-20 20:38:04.505341088 [W:onnxruntime:, transformer_memcpy.cc:74 ApplyImpl] 14 Memcpy nodes are added to the graph main_graph for CUDAExecutionProvider. It might have negative impact on performance (including unable to run CUDA graph). Set session_options.log_severity_level=1 to see the detail logs before this message.[m
2026-09-20 20:38:04 | DEBUG    | tts5703.tts_engine | event=cosyvoice_worker_stderr message=[0;93m2026-09-20 20:38:04.513314791 [W:onnxruntime:, session_state.cc:1166 VerifyEachNodeIsAssignedToAnEp] Some nodes were not assigned to the preferred execution providers which may or may not have an negative impact on performance. e.g. ORT explicitly assigns shape related ops to CPU to improve perf.[m
2026-09-20 20:38:04 | DEBUG    | tts5703.tts_engine | event=cosyvoice_worker_stderr message=[0;93m2026-09-20 20:38:04.513336653 [W:onnxruntime:, session_state.cc:1168 VerifyEachNodeIsAssignedToAnEp] Rerunning with verbose output on a non-minimal build will show node assignments.[m
2026-09-20 20:38:04 | DEBUG    | tts5703.tts_engine | event=cosyvoice_worker_stderr message=Downloading Model to directory: /home/myu/.cache/modelscope/hub/pengzhendong/wetext
2026-09-20 20:38:04 | DEBUG    | tts5703.tts_engine | event=cosyvoice_worker_stderr message=2026-09-20 20:38:04,947 DEBUG Starting new HTTPS connection (1): www.modelscope.cn:443
2026-09-20 20:38:06 | DEBUG    | tts5703.tts_engine | event=cosyvoice_worker_stderr message=2026-09-20 20:38:06,646 DEBUG https://www.modelscope.cn:443 "GET /api/v1/models/pengzhendong/wetext/revisions HTTP/1.1" 200 222
2026-09-20 20:38:07 | DEBUG    | tts5703.tts_engine | event=cosyvoice_worker_stderr message=2026-09-20 20:38:07,080 DEBUG https://www.modelscope.cn:443 "GET /api/v1/models/pengzhendong/wetext/repo/files?Revision=master&Recursive=True HTTP/1.1" 200 None
2026-09-20 20:38:07 | DEBUG    | tts5703.tts_engine | event=cosyvoice_worker_stderr message=Downloading Model to directory: /home/myu/.cache/modelscope/hub/pengzhendong/wetext
2026-09-20 20:38:07 | DEBUG    | tts5703.tts_engine | event=cosyvoice_worker_stderr message=2026-09-20 20:38:07,522 DEBUG Starting new HTTPS connection (1): www.modelscope.cn:443
2026-09-20 20:38:09 | DEBUG    | tts5703.tts_engine | event=cosyvoice_worker_stderr message=2026-09-20 20:38:09,408 DEBUG https://www.modelscope.cn:443 "GET /api/v1/models/pengzhendong/wetext/revisions HTTP/1.1" 200 222
2026-09-20 20:38:09 | DEBUG    | tts5703.tts_engine | event=cosyvoice_worker_stderr message=2026-09-20 20:38:09,809 DEBUG https://www.modelscope.cn:443 "GET /api/v1/models/pengzhendong/wetext/repo/files?Revision=master&Recursive=True HTTP/1.1" 200 None
2026-09-20 20:38:10 | DEBUG    | tts5703.tts_engine | event=cosyvoice_worker_stderr message=2026-09-20 20:38:10,238 INFO use wetext frontend
2026-09-20 20:38:18 | DEBUG    | tts5703.tts_engine | event=cosyvoice_worker_ready model_dir=/home/myu/code/5703tts/models/Fun-CosyVoice3-0.5B
2026-09-20 20:38:29 | DEBUG    | tts5703.tts_engine | event=cosyvoice_worker_stderr message=  0%|          | 0/1 [00:00<?, ?it/s]2026-09-20 20:38:29,350 INFO synthesis text I have been feeling overwhelmed lately, and I am not sure where to start.
2026-09-20 20:38:33 | DEBUG    | tts5703.tts_engine | event=cosyvoice_worker_stderr message=2026-09-20 20:38:33,469 INFO yield speech len 4.68, rtf 0.8800319626800016
2026-09-20 20:38:33 | DEBUG    | tts5703.tts_engine | event=cosyvoice_worker_stderr message=100%|██████████| 1/1 [00:15<00:00, 15.29s/it]
2026-09-20 20:38:33 | DEBUG    | tts5703.tts_engine | event=cosyvoice_worker_stderr message=100%|██████████| 1/1 [00:15<00:00, 15.29s/it]
2026-09-20 20:38:43 | DEBUG    | tts5703.tts_engine | event=cosyvoice_worker_stderr message=  0%|          | 0/1 [00:00<?, ?it/s]2026-09-20 20:38:43,989 INFO synthesis text We can take this one step at a time. What feels most difficult right now?
2026-09-20 20:38:44 | DEBUG    | tts5703.tts_engine | event=cosyvoice_worker_stderr message=2026-09-20 20:38:44,886 INFO yield speech len 4.64, rtf 0.19348592593752106
2026-09-20 20:38:44 | DEBUG    | tts5703.tts_engine | event=cosyvoice_worker_stderr message=100%|██████████| 1/1 [00:11<00:00, 11.38s/it]
2026-09-20 20:38:44 | DEBUG    | tts5703.tts_engine | event=cosyvoice_worker_stderr message=100%|██████████| 1/1 [00:11<00:00, 11.38s/it]
2026-09-20 20:38:44 | DEBUG    | tts5703.tts_engine | event=cosyvoice_worker_stderr message=  0%|          | 0/1 [00:00<?, ?it/s]2026-09-20 20:38:44,995 INFO synthesis text Work has been piling up, and every small problem seems much bigger than it should.
2026-09-20 20:38:49 | DEBUG    | tts5703.tts_engine | event=cosyvoice_worker_stderr message=2026-09-20 20:38:49,194 INFO yield speech len 5.3, rtf 0.7921396111542324
2026-09-20 20:38:49 | DEBUG    | tts5703.tts_engine | event=cosyvoice_worker_stderr message=100%|██████████| 1/1 [00:04<00:00,  4.30s/it]
2026-09-20 20:38:49 | DEBUG    | tts5703.tts_engine | event=cosyvoice_worker_stderr message=100%|██████████| 1/1 [00:04<00:00,  4.30s/it]
2026-09-20 20:38:49 | DEBUG    | tts5703.tts_engine | event=cosyvoice_worker_stderr message=  0%|          | 0/1 [00:00<?, ?it/s]2026-09-20 20:38:49,312 INFO synthesis text It sounds exhausting to carry all of that at once. We can slow things down together.
2026-09-20 20:38:53 | DEBUG    | tts5703.tts_engine | event=cosyvoice_worker_stderr message=2026-09-20 20:38:53,039 INFO yield speech len 6.3, rtf 0.5916735861036513
2026-09-20 20:38:53 | DEBUG    | tts5703.tts_engine | event=cosyvoice_worker_stderr message=100%|██████████| 1/1 [00:03<00:00,  3.83s/it]
2026-09-20 20:38:53 | DEBUG    | tts5703.tts_engine | event=cosyvoice_worker_stderr message=100%|██████████| 1/1 [00:03<00:00,  3.83s/it]
2026-09-20 20:38:53 | DEBUG    | tts5703.tts_engine | event=cosyvoice_worker_stderr message=  0%|          | 0/1 [00:00<?, ?it/s]2026-09-20 20:38:53,139 INFO synthesis text ummm, I think talking about it already makes the situation feel a little clearer.
2026-09-20 20:38:57 | DEBUG    | tts5703.tts_engine | event=cosyvoice_worker_stderr message=2026-09-20 20:38:57,028 INFO yield speech len 5.68, rtf 0.6847756429457329
2026-09-20 20:38:57 | DEBUG    | tts5703.tts_engine | event=cosyvoice_worker_stderr message=100%|██████████| 1/1 [00:03<00:00,  3.98s/it]
2026-09-20 20:38:57 | DEBUG    | tts5703.tts_engine | event=cosyvoice_worker_stderr message=100%|██████████| 1/1 [00:03<00:00,  3.98s/it]
2026-09-20 20:38:57 | DEBUG    | tts5703.tts_engine | event=cosyvoice_worker_stderr message=  0%|          | 0/1 [00:00<?, ?it/s]2026-09-20 20:38:57,136 INFO synthesis text That is a useful start. We can focus on one practical thing you can do next.
2026-09-20 20:39:00 | DEBUG    | tts5703.tts_engine | event=cosyvoice_worker_stderr message=2026-09-20 20:39:00,495 INFO yield speech len 4.72, rtf 0.7116778927334285
2026-09-20 20:39:00 | DEBUG    | tts5703.tts_engine | event=cosyvoice_worker_stderr message=100%|██████████| 1/1 [00:03<00:00,  3.45s/it]
2026-09-20 20:39:00 | DEBUG    | tts5703.tts_engine | event=cosyvoice_worker_stderr message=100%|██████████| 1/1 [00:03<00:00,  3.45s/it]
2026-09-20 20:39:00 | DEBUG    | pydub.converter | subprocess.call(['ffmpeg', '-y', '-i', 'data/smoke/production_readiness_cv3_output/smoke_001_baseline/turn_001.wav', '-acodec', 'pcm_s32le', '-vn', '-f', 'wav', '-'])
2026-09-20 20:39:00 | DEBUG    | pydub.converter | subprocess.call(['ffmpeg', '-y', '-i', 'data/smoke/production_readiness_cv3_output/smoke_001_baseline/turn_002.wav', '-acodec', 'pcm_s32le', '-vn', '-f', 'wav', '-'])
2026-09-20 20:39:01 | DEBUG    | pydub.converter | subprocess.call(['ffmpeg', '-y', '-i', 'data/smoke/production_readiness_cv3_output/smoke_001_baseline/turn_003.wav', '-acodec', 'pcm_s32le', '-vn', '-f', 'wav', '-'])
2026-09-20 20:39:01 | DEBUG    | pydub.converter | subprocess.call(['ffmpeg', '-y', '-i', 'data/smoke/production_readiness_cv3_output/smoke_001_baseline/turn_004.wav', '-acodec', 'pcm_s32le', '-vn', '-f', 'wav', '-'])
2026-09-20 20:39:01 | DEBUG    | pydub.converter | subprocess.call(['ffmpeg', '-y', '-i', 'data/smoke/production_readiness_cv3_output/smoke_001_baseline/turn_005.wav', '-acodec', 'pcm_s32le', '-vn', '-f', 'wav', '-'])
2026-09-20 20:39:01 | DEBUG    | pydub.converter | subprocess.call(['ffmpeg', '-y', '-i', 'data/smoke/production_readiness_cv3_output/smoke_001_baseline/turn_006.wav', '-acodec', 'pcm_s32le', '-vn', '-f', 'wav', '-'])
2026-09-20 20:39:01 | DEBUG    | pydub.converter | subprocess.call(['ffmpeg', '-y', '-i', 'data/smoke/production_readiness_cv3_output/smoke_001_baseline/turn_001.wav', '-acodec', 'pcm_s32le', '-vn', '-f', 'wav', '-'])
2026-09-20 20:39:01 | DEBUG    | pydub.converter | subprocess.call(['ffmpeg', '-y', '-i', 'data/smoke/production_readiness_cv3_output/smoke_001_baseline/turn_002.wav', '-acodec', 'pcm_s32le', '-vn', '-f', 'wav', '-'])
2026-09-20 20:39:01 | DEBUG    | pydub.converter | subprocess.call(['ffmpeg', '-y', '-i', 'data/smoke/production_readiness_cv3_output/smoke_001_baseline/turn_003.wav', '-acodec', 'pcm_s32le', '-vn', '-f', 'wav', '-'])
2026-09-20 20:39:01 | DEBUG    | pydub.converter | subprocess.call(['ffmpeg', '-y', '-i', 'data/smoke/production_readiness_cv3_output/smoke_001_baseline/turn_004.wav', '-acodec', 'pcm_s32le', '-vn', '-f', 'wav', '-'])
2026-09-20 20:39:01 | DEBUG    | pydub.converter | subprocess.call(['ffmpeg', '-y', '-i', 'data/smoke/production_readiness_cv3_output/smoke_001_baseline/turn_005.wav', '-acodec', 'pcm_s32le', '-vn', '-f', 'wav', '-'])
2026-09-20 20:39:02 | DEBUG    | pydub.converter | subprocess.call(['ffmpeg', '-y', '-i', 'data/smoke/production_readiness_cv3_output/smoke_001_baseline/turn_006.wav', '-acodec', 'pcm_s32le', '-vn', '-f', 'wav', '-'])
2026-09-20 20:39:02 | INFO     | tts5703.pipeline | event=final_dialogue_pipeline_complete dialogue=smoke_001_baseline passed=True elapsed_sec=74.70
2026-09-20 20:39:12 | DEBUG    | tts5703.tts_engine | event=cosyvoice_worker_stderr message=  0%|          | 0/1 [00:00<?, ?it/s]2026-09-20 20:39:12,544 INFO synthesis text I can explain what happened clearly if I take my time.
2026-09-20 20:39:15 | DEBUG    | tts5703.tts_engine | event=cosyvoice_worker_stderr message=2026-09-20 20:39:15,399 INFO yield speech len 4.9, rtf 0.5826413874723473
2026-09-20 20:39:15 | DEBUG    | tts5703.tts_engine | event=cosyvoice_worker_stderr message=100%|██████████| 1/1 [00:13<00:00, 13.32s/it]
2026-09-20 20:39:15 | DEBUG    | tts5703.tts_engine | event=cosyvoice_worker_stderr message=100%|██████████| 1/1 [00:13<00:00, 13.33s/it]
2026-09-20 20:39:23 | DEBUG    | tts5703.tts_engine | event=cosyvoice_worker_stderr message=  0%|          | 0/1 [00:00<?, ?it/s]2026-09-20 20:39:23,500 INFO synthesis text Take the time you need. I am listening.
2026-09-20 20:39:25 | DEBUG    | tts5703.tts_engine | event=cosyvoice_worker_stderr message=2026-09-20 20:39:25,740 INFO yield speech len 3.4, rtf 0.6587145609014174
2026-09-20 20:39:25 | DEBUG    | tts5703.tts_engine | event=cosyvoice_worker_stderr message=100%|██████████| 1/1 [00:10<00:00, 10.33s/it]
2026-09-20 20:39:25 | DEBUG    | tts5703.tts_engine | event=cosyvoice_worker_stderr message=100%|██████████| 1/1 [00:10<00:00, 10.33s/it]
2026-09-20 20:39:25 | DEBUG    | tts5703.tts_engine | event=cosyvoice_worker_stderr message=  0%|          | 0/1 [00:00<?, ?it/s]2026-09-20 20:39:25,847 INFO synthesis text Everything changed so quickly today, and I have been trying to keep up with it.
2026-09-20 20:39:29 | DEBUG    | tts5703.tts_engine | event=cosyvoice_worker_stderr message=2026-09-20 20:39:29,858 INFO yield speech len 4.92, rtf 0.8153000013615058
2026-09-20 20:39:29 | DEBUG    | tts5703.tts_engine | event=cosyvoice_worker_stderr message=100%|██████████| 1/1 [00:04<00:00,  4.11s/it]
2026-09-20 20:39:29 | DEBUG    | tts5703.tts_engine | event=cosyvoice_worker_stderr message=100%|██████████| 1/1 [00:04<00:00,  4.11s/it]
2026-09-20 20:39:29 | DEBUG    | tts5703.tts_engine | event=cosyvoice_worker_stderr message=  0%|          | 0/1 [00:00<?, ?it/s]2026-09-20 20:39:29,974 INFO synthesis text You sound very activated right now. Let us bring the pace back down for a moment.
2026-09-20 20:39:33 | DEBUG    | tts5703.tts_engine | event=cosyvoice_worker_stderr message=2026-09-20 20:39:33,086 INFO yield speech len 4.36, rtf 0.713918898083748
2026-09-20 20:39:33 | DEBUG    | tts5703.tts_engine | event=cosyvoice_worker_stderr message=100%|██████████| 1/1 [00:03<00:00,  3.21s/it]
2026-09-20 20:39:33 | DEBUG    | tts5703.tts_engine | event=cosyvoice_worker_stderr message=100%|██████████| 1/1 [00:03<00:00,  3.21s/it]
2026-09-20 20:39:33 | DEBUG    | tts5703.tts_engine | event=cosyvoice_worker_stderr message=  0%|          | 0/1 [00:00<?, ?it/s]2026-09-20 20:39:33,196 INFO synthesis text ummm, I am frustrated because I asked for help earlier and nobody took me seriously.
2026-09-20 20:39:37 | DEBUG    | tts5703.tts_engine | event=cosyvoice_worker_stderr message=2026-09-20 20:39:37,588 INFO yield speech len 5.56, rtf 0.7899328101453165
2026-09-20 20:39:37 | DEBUG    | tts5703.tts_engine | event=cosyvoice_worker_stderr message=100%|██████████| 1/1 [00:04<00:00,  4.49s/it]
2026-09-20 20:39:37 | DEBUG    | tts5703.tts_engine | event=cosyvoice_worker_stderr message=100%|██████████| 1/1 [00:04<00:00,  4.49s/it]
2026-09-20 20:39:37 | DEBUG    | tts5703.tts_engine | event=cosyvoice_worker_stderr message=  0%|          | 0/1 [00:00<?, ?it/s]2026-09-20 20:39:37,707 INFO synthesis text I understand why that would feel frustrating. We can work out what support would help now.
2026-09-20 20:39:42 | DEBUG    | tts5703.tts_engine | event=cosyvoice_worker_stderr message=2026-09-20 20:39:42,172 INFO yield speech len 6.56, rtf 0.6806247118042736
2026-09-20 20:39:42 | DEBUG    | tts5703.tts_engine | event=cosyvoice_worker_stderr message=100%|██████████| 1/1 [00:04<00:00,  4.57s/it]
2026-09-20 20:39:42 | DEBUG    | tts5703.tts_engine | event=cosyvoice_worker_stderr message=100%|██████████| 1/1 [00:04<00:00,  4.57s/it]
2026-09-20 20:39:42 | DEBUG    | pydub.converter | subprocess.call(['ffmpeg', '-y', '-i', 'data/smoke/production_readiness_cv3_output/smoke_002_rate_arousal/turn_001.wav', '-acodec', 'pcm_s32le', '-vn', '-f', 'wav', '-'])
2026-09-20 20:39:42 | DEBUG    | pydub.converter | subprocess.call(['ffmpeg', '-y', '-i', 'data/smoke/production_readiness_cv3_output/smoke_002_rate_arousal/turn_002.wav', '-acodec', 'pcm_s32le', '-vn', '-f', 'wav', '-'])
2026-09-20 20:39:42 | DEBUG    | pydub.converter | subprocess.call(['ffmpeg', '-y', '-i', 'data/smoke/production_readiness_cv3_output/smoke_002_rate_arousal/turn_003.wav', '-acodec', 'pcm_s32le', '-vn', '-f', 'wav', '-'])
2026-09-20 20:39:42 | DEBUG    | pydub.converter | subprocess.call(['ffmpeg', '-y', '-i', 'data/smoke/production_readiness_cv3_output/smoke_002_rate_arousal/turn_004.wav', '-acodec', 'pcm_s32le', '-vn', '-f', 'wav', '-'])
2026-09-20 20:39:42 | DEBUG    | pydub.converter | subprocess.call(['ffmpeg', '-y', '-i', 'data/smoke/production_readiness_cv3_output/smoke_002_rate_arousal/turn_005.wav', '-acodec', 'pcm_s32le', '-vn', '-f', 'wav', '-'])
2026-09-20 20:39:42 | DEBUG    | pydub.converter | subprocess.call(['ffmpeg', '-y', '-i', 'data/smoke/production_readiness_cv3_output/smoke_002_rate_arousal/turn_006.wav', '-acodec', 'pcm_s32le', '-vn', '-f', 'wav', '-'])
2026-09-20 20:39:42 | DEBUG    | pydub.converter | subprocess.call(['ffmpeg', '-y', '-i', 'data/smoke/production_readiness_cv3_output/smoke_002_rate_arousal/turn_001.wav', '-acodec', 'pcm_s32le', '-vn', '-f', 'wav', '-'])
2026-09-20 20:39:43 | DEBUG    | pydub.converter | subprocess.call(['ffmpeg', '-y', '-i', 'data/smoke/production_readiness_cv3_output/smoke_002_rate_arousal/turn_002.wav', '-acodec', 'pcm_s32le', '-vn', '-f', 'wav', '-'])
2026-09-20 20:39:43 | DEBUG    | pydub.converter | subprocess.call(['ffmpeg', '-y', '-i', 'data/smoke/production_readiness_cv3_output/smoke_002_rate_arousal/turn_003.wav', '-acodec', 'pcm_s32le', '-vn', '-f', 'wav', '-'])
2026-09-20 20:39:43 | DEBUG    | pydub.converter | subprocess.call(['ffmpeg', '-y', '-i', 'data/smoke/production_readiness_cv3_output/smoke_002_rate_arousal/turn_004.wav', '-acodec', 'pcm_s32le', '-vn', '-f', 'wav', '-'])
2026-09-20 20:39:43 | DEBUG    | pydub.converter | subprocess.call(['ffmpeg', '-y', '-i', 'data/smoke/production_readiness_cv3_output/smoke_002_rate_arousal/turn_005.wav', '-acodec', 'pcm_s32le', '-vn', '-f', 'wav', '-'])
2026-09-20 20:39:43 | DEBUG    | pydub.converter | subprocess.call(['ffmpeg', '-y', '-i', 'data/smoke/production_readiness_cv3_output/smoke_002_rate_arousal/turn_006.wav', '-acodec', 'pcm_s32le', '-vn', '-f', 'wav', '-'])
2026-09-20 20:39:43 | INFO     | tts5703.pipeline | event=final_dialogue_pipeline_complete dialogue=smoke_002_rate_arousal passed=True elapsed_sec=43.92
2026-09-20 20:39:43 | DEBUG    | tts5703.tts_engine | event=cosyvoice_worker_stderr message=  0%|          | 0/1 [00:00<?, ?it/s]2026-09-20 20:39:43,612 INFO synthesis text Today I feel heavy and discouraged, like nothing I do is making much difference.
2026-09-20 20:39:46 | DEBUG    | tts5703.tts_engine | event=cosyvoice_worker_stderr message=2026-09-20 20:39:46,003 INFO yield speech len 9.4, rtf 0.2543516361967046
2026-09-20 20:39:46 | DEBUG    | tts5703.tts_engine | event=cosyvoice_worker_stderr message=100%|██████████| 1/1 [00:02<00:00,  2.51s/it]
2026-09-20 20:39:46 | DEBUG    | tts5703.tts_engine | event=cosyvoice_worker_stderr message=100%|██████████| 1/1 [00:02<00:00,  2.51s/it]
2026-09-20 20:39:56 | DEBUG    | tts5703.tts_engine | event=cosyvoice_worker_stderr message=  0%|          | 0/1 [00:00<?, ?it/s]2026-09-20 20:39:56,415 INFO synthesis text I am glad you told me. You do not have to solve everything in this conversation.
2026-09-20 20:40:00 | DEBUG    | tts5703.tts_engine | event=cosyvoice_worker_stderr message=2026-09-20 20:40:00,548 INFO yield speech len 5.96, rtf 0.6934387171828507
2026-09-20 20:40:00 | DEBUG    | tts5703.tts_engine | event=cosyvoice_worker_stderr message=100%|██████████| 1/1 [00:14<00:00, 14.53s/it]
2026-09-20 20:40:00 | DEBUG    | tts5703.tts_engine | event=cosyvoice_worker_stderr message=100%|██████████| 1/1 [00:14<00:00, 14.53s/it]
2026-09-20 20:40:00 | DEBUG    | tts5703.tts_engine | event=cosyvoice_worker_stderr message=  0%|          | 0/1 [00:00<?, ?it/s]2026-09-20 20:40:00,651 INFO synthesis text I keep expecting something to go wrong even when things are quiet.
2026-09-20 20:40:03 | DEBUG    | tts5703.tts_engine | event=cosyvoice_worker_stderr message=2026-09-20 20:40:03,884 INFO yield speech len 4.72, rtf 0.684964656829834
2026-09-20 20:40:03 | DEBUG    | tts5703.tts_engine | event=cosyvoice_worker_stderr message=100%|██████████| 1/1 [00:03<00:00,  3.33s/it]
2026-09-20 20:40:03 | DEBUG    | tts5703.tts_engine | event=cosyvoice_worker_stderr message=100%|██████████| 1/1 [00:03<00:00,  3.33s/it]
2026-09-20 20:40:03 | DEBUG    | tts5703.tts_engine | event=cosyvoice_worker_stderr message=  0%|          | 0/1 [00:00<?, ?it/s]2026-09-20 20:40:03,996 INFO synthesis text That constant uncertainty can be draining. We can look at what feels controllable right now.
2026-09-20 20:40:07 | DEBUG    | tts5703.tts_engine | event=cosyvoice_worker_stderr message=2026-09-20 20:40:07,672 INFO yield speech len 5.4, rtf 0.6806880897945827
2026-09-20 20:40:07 | DEBUG    | tts5703.tts_engine | event=cosyvoice_worker_stderr message=100%|██████████| 1/1 [00:03<00:00,  3.78s/it]
2026-09-20 20:40:07 | DEBUG    | tts5703.tts_engine | event=cosyvoice_worker_stderr message=100%|██████████| 1/1 [00:03<00:00,  3.78s/it]
2026-09-20 20:40:07 | DEBUG    | tts5703.tts_engine | event=cosyvoice_worker_stderr message=  0%|          | 0/1 [00:00<?, ?it/s]2026-09-20 20:40:07,772 INFO synthesis text I am angry that this keeps happening after I have tried so hard to fix it.
2026-09-20 20:40:11 | DEBUG    | tts5703.tts_engine | event=cosyvoice_worker_stderr message=2026-09-20 20:40:11,634 INFO yield speech len 4.7, rtf 0.8218351830827428
2026-09-20 20:40:11 | DEBUG    | tts5703.tts_engine | event=cosyvoice_worker_stderr message=100%|██████████| 1/1 [00:03<00:00,  3.95s/it]
2026-09-20 20:40:11 | DEBUG    | tts5703.tts_engine | event=cosyvoice_worker_stderr message=100%|██████████| 1/1 [00:03<00:00,  3.95s/it]
2026-09-20 20:40:11 | DEBUG    | tts5703.tts_engine | event=cosyvoice_worker_stderr message=  0%|          | 0/1 [00:00<?, ?it/s]2026-09-20 20:40:11,743 INFO synthesis text Your anger makes sense in context. Let us use that energy to identify the next safe step.
2026-09-20 20:40:15 | DEBUG    | tts5703.tts_engine | event=cosyvoice_worker_stderr message=2026-09-20 20:40:15,567 INFO yield speech len 5.6, rtf 0.6827480026653835
2026-09-20 20:40:15 | DEBUG    | tts5703.tts_engine | event=cosyvoice_worker_stderr message=100%|██████████| 1/1 [00:03<00:00,  3.93s/it]
2026-09-20 20:40:15 | DEBUG    | tts5703.tts_engine | event=cosyvoice_worker_stderr message=100%|██████████| 1/1 [00:03<00:00,  3.93s/it]
2026-09-20 20:40:15 | DEBUG    | pydub.converter | subprocess.call(['ffmpeg', '-y', '-i', 'data/smoke/production_readiness_cv3_output/smoke_003_affect_coverage/turn_001.wav', '-acodec', 'pcm_s32le', '-vn', '-f', 'wav', '-'])
2026-09-20 20:40:15 | DEBUG    | pydub.converter | subprocess.call(['ffmpeg', '-y', '-i', 'data/smoke/production_readiness_cv3_output/smoke_003_affect_coverage/turn_002.wav', '-acodec', 'pcm_s32le', '-vn', '-f', 'wav', '-'])
2026-09-20 20:40:13 | DEBUG    | pydub.converter | subprocess.call(['ffmpeg', '-y', '-i', 'data/smoke/production_readiness_cv3_output/smoke_003_affect_coverage/turn_003.wav', '-acodec', 'pcm_s32le', '-vn', '-f', 'wav', '-'])
2026-09-20 20:40:13 | DEBUG    | pydub.converter | subprocess.call(['ffmpeg', '-y', '-i', 'data/smoke/production_readiness_cv3_output/smoke_003_affect_coverage/turn_004.wav', '-acodec', 'pcm_s32le', '-vn', '-f', 'wav', '-'])
2026-09-20 20:40:13 | DEBUG    | pydub.converter | subprocess.call(['ffmpeg', '-y', '-i', 'data/smoke/production_readiness_cv3_output/smoke_003_affect_coverage/turn_005.wav', '-acodec', 'pcm_s32le', '-vn', '-f', 'wav', '-'])
2026-09-20 20:40:13 | DEBUG    | pydub.converter | subprocess.call(['ffmpeg', '-y', '-i', 'data/smoke/production_readiness_cv3_output/smoke_003_affect_coverage/turn_006.wav', '-acodec', 'pcm_s32le', '-vn', '-f', 'wav', '-'])
2026-09-20 20:40:13 | DEBUG    | pydub.converter | subprocess.call(['ffmpeg', '-y', '-i', 'data/smoke/production_readiness_cv3_output/smoke_003_affect_coverage/turn_001.wav', '-acodec', 'pcm_s32le', '-vn', '-f', 'wav', '-'])
2026-09-20 20:40:14 | DEBUG    | pydub.converter | subprocess.call(['ffmpeg', '-y', '-i', 'data/smoke/production_readiness_cv3_output/smoke_003_affect_coverage/turn_002.wav', '-acodec', 'pcm_s32le', '-vn', '-f', 'wav', '-'])
2026-09-20 20:40:14 | DEBUG    | pydub.converter | subprocess.call(['ffmpeg', '-y', '-i', 'data/smoke/production_readiness_cv3_output/smoke_003_affect_coverage/turn_003.wav', '-acodec', 'pcm_s32le', '-vn', '-f', 'wav', '-'])
2026-09-20 20:40:14 | DEBUG    | pydub.converter | subprocess.call(['ffmpeg', '-y', '-i', 'data/smoke/production_readiness_cv3_output/smoke_003_affect_coverage/turn_004.wav', '-acodec', 'pcm_s32le', '-vn', '-f', 'wav', '-'])
2026-09-20 20:40:14 | DEBUG    | pydub.converter | subprocess.call(['ffmpeg', '-y', '-i', 'data/smoke/production_readiness_cv3_output/smoke_003_affect_coverage/turn_005.wav', '-acodec', 'pcm_s32le', '-vn', '-f', 'wav', '-'])
2026-09-20 20:40:14 | DEBUG    | pydub.converter | subprocess.call(['ffmpeg', '-y', '-i', 'data/smoke/production_readiness_cv3_output/smoke_003_affect_coverage/turn_006.wav', '-acodec', 'pcm_s32le', '-vn', '-f', 'wav', '-'])
2026-09-20 20:40:14 | INFO     | tts5703.pipeline | event=final_dialogue_pipeline_complete dialogue=smoke_003_affect_coverage passed=True elapsed_sec=35.98
2026-09-20 20:40:14 | DEBUG    | tts5703.tts_engine | event=cosyvoice_worker_stderr message=  0%|          | 0/1 [00:00<?, ?it/s]2026-09-20 20:40:14,587 INFO synthesis text I wanted to call earlier, ummm, but I kept changing my mind.
2026-09-20 20:40:18 | DEBUG    | tts5703.tts_engine | event=cosyvoice_worker_stderr message=2026-09-20 20:40:18,005 INFO yield speech len 4.84, rtf 0.7060930256015998
2026-09-20 20:40:18 | DEBUG    | tts5703.tts_engine | event=cosyvoice_worker_stderr message=100%|██████████| 1/1 [00:03<00:00,  3.53s/it]
2026-09-20 20:40:18 | DEBUG    | tts5703.tts_engine | event=cosyvoice_worker_stderr message=100%|██████████| 1/1 [00:03<00:00,  3.53s/it]
2026-09-20 20:40:18 | DEBUG    | tts5703.tts_engine | event=cosyvoice_worker_stderr message=  0%|          | 0/1 [00:00<?, ?it/s]2026-09-20 20:40:18,114 INFO synthesis text You called now, and we can start from here.
2026-09-20 20:40:20 | DEBUG    | tts5703.tts_engine | event=cosyvoice_worker_stderr message=2026-09-20 20:40:20,364 INFO yield speech len 2.84, rtf 0.7920292061819157
2026-09-20 20:40:20 | DEBUG    | tts5703.tts_engine | event=cosyvoice_worker_stderr message=100%|██████████| 1/1 [00:02<00:00,  2.35s/it]
2026-09-20 20:40:20 | DEBUG    | tts5703.tts_engine | event=cosyvoice_worker_stderr message=100%|██████████| 1/1 [00:02<00:00,  2.35s/it]
2026-09-20 20:40:20 | DEBUG    | tts5703.tts_engine | event=cosyvoice_worker_stderr message=  0%|          | 0/1 [00:00<?, ?it/s]2026-09-20 20:40:20,461 INFO synthesis text There are a few things I want to explain, ummm... but I am struggling to put them in order. uhhh...
2026-09-20 20:40:25 | DEBUG    | tts5703.tts_engine | event=cosyvoice_worker_stderr message=2026-09-20 20:40:25,142 INFO yield speech len 8.84, rtf 0.5295568192166981
2026-09-20 20:40:25 | DEBUG    | tts5703.tts_engine | event=cosyvoice_worker_stderr message=100%|██████████| 1/1 [00:04<00:00,  4.77s/it]
2026-09-20 20:40:25 | DEBUG    | tts5703.tts_engine | event=cosyvoice_worker_stderr message=100%|██████████| 1/1 [00:04<00:00,  4.77s/it]
2026-09-20 20:40:25 | DEBUG    | tts5703.tts_engine | event=cosyvoice_worker_stderr message=  0%|          | 0/1 [00:00<?, ?it/s]2026-09-20 20:40:25,251 INFO synthesis text There is no need to make it perfect. Start with whichever part feels easiest to say.
2026-09-20 20:40:29 | DEBUG    | tts5703.tts_engine | event=cosyvoice_worker_stderr message=2026-09-20 20:40:29,106 INFO yield speech len 5.72, rtf 0.6738504746577123
2026-09-20 20:40:29 | DEBUG    | tts5703.tts_engine | event=cosyvoice_worker_stderr message=100%|██████████| 1/1 [00:03<00:00,  3.95s/it]
2026-09-20 20:40:29 | DEBUG    | tts5703.tts_engine | event=cosyvoice_worker_stderr message=100%|██████████| 1/1 [00:03<00:00,  3.95s/it]
2026-09-20 20:40:29 | DEBUG    | tts5703.tts_engine | event=cosyvoice_worker_stderr message=  0%|          | 0/1 [00:00<?, ?it/s]2026-09-20 20:40:29,207 INFO synthesis text The first thing is that I have not been sleeping well for several nights.
2026-09-20 20:40:32 | DEBUG    | tts5703.tts_engine | event=cosyvoice_worker_stderr message=2026-09-20 20:40:32,552 INFO yield speech len 4.76, rtf 0.7027040509616628
2026-09-20 20:40:32 | DEBUG    | tts5703.tts_engine | event=cosyvoice_worker_stderr message=100%|██████████| 1/1 [00:03<00:00,  3.44s/it]
2026-09-20 20:40:32 | DEBUG    | tts5703.tts_engine | event=cosyvoice_worker_stderr message=100%|██████████| 1/1 [00:03<00:00,  3.44s/it]
2026-09-20 20:40:32 | DEBUG    | tts5703.tts_engine | event=cosyvoice_worker_stderr message=  0%|          | 0/1 [00:00<?, ?it/s]2026-09-20 20:40:32,655 INFO synthesis text Thanks for explaining that. We can keep the next step simple and manageable.
2026-09-20 20:40:35 | DEBUG    | tts5703.tts_engine | event=cosyvoice_worker_stderr message=2026-09-20 20:40:35,978 INFO yield speech len 4.8, rtf 0.6923993925253551
2026-09-20 20:40:35 | DEBUG    | tts5703.tts_engine | event=cosyvoice_worker_stderr message=100%|██████████| 1/1 [00:03<00:00,  3.42s/it]
2026-09-20 20:40:35 | DEBUG    | tts5703.tts_engine | event=cosyvoice_worker_stderr message=100%|██████████| 1/1 [00:03<00:00,  3.42s/it]
2026-09-20 20:40:36 | DEBUG    | pydub.converter | subprocess.call(['ffmpeg', '-y', '-i', 'data/smoke/production_readiness_cv3_output/smoke_004_pause_hesitation/turn_001.wav', '-acodec', 'pcm_s32le', '-vn', '-f', 'wav', '-'])
2026-09-20 20:40:36 | DEBUG    | pydub.converter | subprocess.call(['ffmpeg', '-y', '-i', 'data/smoke/production_readiness_cv3_output/smoke_004_pause_hesitation/turn_002.wav', '-acodec', 'pcm_s32le', '-vn', '-f', 'wav', '-'])
2026-09-20 20:40:36 | DEBUG    | pydub.converter | subprocess.call(['ffmpeg', '-y', '-i', 'data/smoke/production_readiness_cv3_output/smoke_004_pause_hesitation/turn_003.wav', '-acodec', 'pcm_s32le', '-vn', '-f', 'wav', '-'])
2026-09-20 20:40:36 | DEBUG    | pydub.converter | subprocess.call(['ffmpeg', '-y', '-i', 'data/smoke/production_readiness_cv3_output/smoke_004_pause_hesitation/turn_004.wav', '-acodec', 'pcm_s32le', '-vn', '-f', 'wav', '-'])
2026-09-20 20:40:36 | DEBUG    | pydub.converter | subprocess.call(['ffmpeg', '-y', '-i', 'data/smoke/production_readiness_cv3_output/smoke_004_pause_hesitation/turn_005.wav', '-acodec', 'pcm_s32le', '-vn', '-f', 'wav', '-'])
2026-09-20 20:40:36 | DEBUG    | pydub.converter | subprocess.call(['ffmpeg', '-y', '-i', 'data/smoke/production_readiness_cv3_output/smoke_004_pause_hesitation/turn_006.wav', '-acodec', 'pcm_s32le', '-vn', '-f', 'wav', '-'])
2026-09-20 20:40:36 | DEBUG    | pydub.converter | subprocess.call(['ffmpeg', '-y', '-i', 'data/smoke/production_readiness_cv3_output/smoke_004_pause_hesitation/turn_001.wav', '-acodec', 'pcm_s32le', '-vn', '-f', 'wav', '-'])
2026-09-20 20:40:36 | DEBUG    | pydub.converter | subprocess.call(['ffmpeg', '-y', '-i', 'data/smoke/production_readiness_cv3_output/smoke_004_pause_hesitation/turn_002.wav', '-acodec', 'pcm_s32le', '-vn', '-f', 'wav', '-'])
2026-09-20 20:40:36 | DEBUG    | pydub.converter | subprocess.call(['ffmpeg', '-y', '-i', 'data/smoke/production_readiness_cv3_output/smoke_004_pause_hesitation/turn_003.wav', '-acodec', 'pcm_s32le', '-vn', '-f', 'wav', '-'])
2026-09-20 20:40:37 | DEBUG    | pydub.converter | subprocess.call(['ffmpeg', '-y', '-i', 'data/smoke/production_readiness_cv3_output/smoke_004_pause_hesitation/turn_004.wav', '-acodec', 'pcm_s32le', '-vn', '-f', 'wav', '-'])
2026-09-20 20:40:37 | DEBUG    | pydub.converter | subprocess.call(['ffmpeg', '-y', '-i', 'data/smoke/production_readiness_cv3_output/smoke_004_pause_hesitation/turn_005.wav', '-acodec', 'pcm_s32le', '-vn', '-f', 'wav', '-'])
2026-09-20 20:40:37 | DEBUG    | pydub.converter | subprocess.call(['ffmpeg', '-y', '-i', 'data/smoke/production_readiness_cv3_output/smoke_004_pause_hesitation/turn_006.wav', '-acodec', 'pcm_s32le', '-vn', '-f', 'wav', '-'])
2026-09-20 20:40:37 | INFO     | tts5703.pipeline | event=final_dialogue_pipeline_complete dialogue=smoke_004_pause_hesitation passed=True elapsed_sec=22.88
2026-09-20 20:40:37 | DEBUG    | tts5703.tts_engine | event=cosyvoice_worker_stderr message=  0%|          | 0/1 [00:00<?, ?it/s]2026-09-20 20:40:37,466 INFO synthesis text I have been trying to handle this on my own, but this evening it started to feel harder than usual.
2026-09-20 20:40:42 | DEBUG    | tts5703.tts_engine | event=cosyvoice_worker_stderr message=2026-09-20 20:40:42,035 INFO yield speech len 6.76, rtf 0.6758819670366818
2026-09-20 20:40:42 | DEBUG    | tts5703.tts_engine | event=cosyvoice_worker_stderr message=100%|██████████| 1/1 [00:04<00:00,  4.68s/it]
2026-09-20 20:40:42 | DEBUG    | tts5703.tts_engine | event=cosyvoice_worker_stderr message=100%|██████████| 1/1 [00:04<00:00,  4.68s/it]
2026-09-20 20:40:50 | DEBUG    | tts5703.tts_engine | event=cosyvoice_worker_stderr message=  0%|          | 0/1 [00:00<?, ?it/s]2026-09-20 20:40:50,137 INFO synthesis text You have been carrying a lot by yourself. I am here with you while we work through it.
2026-09-20 20:40:53 | DEBUG    | tts5703.tts_engine | event=cosyvoice_worker_stderr message=2026-09-20 20:40:53,874 INFO yield speech len 6.84, rtf 0.5464597403654579
2026-09-20 20:40:53 | DEBUG    | tts5703.tts_engine | event=cosyvoice_worker_stderr message=100%|██████████| 1/1 [00:11<00:00, 11.83s/it]
2026-09-20 20:40:53 | DEBUG    | tts5703.tts_engine | event=cosyvoice_worker_stderr message=100%|██████████| 1/1 [00:11<00:00, 11.83s/it]
2026-09-20 20:40:53 | DEBUG    | tts5703.tts_engine | event=cosyvoice_worker_stderr message=  0%|          | 0/1 [00:00<?, ?it/s]2026-09-20 20:40:53,982 INFO synthesis text ummm, Part of me wants an answer immediately because I am tired of waiting for things to improve.
2026-09-20 20:40:58 | DEBUG    | tts5703.tts_engine | event=cosyvoice_worker_stderr message=2026-09-20 20:40:58,443 INFO yield speech len 5.72, rtf 0.7798146117817272
2026-09-20 20:40:58 | DEBUG    | tts5703.tts_engine | event=cosyvoice_worker_stderr message=100%|██████████| 1/1 [00:04<00:00,  4.56s/it]
2026-09-20 20:40:58 | DEBUG    | tts5703.tts_engine | event=cosyvoice_worker_stderr message=100%|██████████| 1/1 [00:04<00:00,  4.56s/it]
2026-09-20 20:40:58 | DEBUG    | tts5703.tts_engine | event=cosyvoice_worker_stderr message=  0%|          | 0/1 [00:00<?, ?it/s]2026-09-20 20:40:58,540 INFO synthesis text Wanting a clear answer is understandable. We can still choose the next step carefully rather than rushing it.
2026-09-20 20:41:03 | DEBUG    | tts5703.tts_engine | event=cosyvoice_worker_stderr message=2026-09-20 20:41:03,591 INFO yield speech len 7.84, rtf 0.6442078218168142
2026-09-20 20:41:03 | DEBUG    | tts5703.tts_engine | event=cosyvoice_worker_stderr message=100%|██████████| 1/1 [00:05<00:00,  5.14s/it]
2026-09-20 20:41:03 | DEBUG    | tts5703.tts_engine | event=cosyvoice_worker_stderr message=100%|██████████| 1/1 [00:05<00:00,  5.14s/it]
2026-09-20 20:41:03 | DEBUG    | tts5703.tts_engine | event=cosyvoice_worker_stderr message=  0%|          | 0/1 [00:00<?, ?it/s]2026-09-20 20:41:03,695 INFO synthesis text I can try that. ummm... I think I need something concrete to focus on tonight. uhhh...
2026-09-20 20:41:08 | DEBUG    | tts5703.tts_engine | event=cosyvoice_worker_stderr message=2026-09-20 20:41:08,043 INFO yield speech len 6.52, rtf 0.666869710559494
2026-09-20 20:41:08 | DEBUG    | tts5703.tts_engine | event=cosyvoice_worker_stderr message=100%|██████████| 1/1 [00:04<00:00,  4.44s/it]
2026-09-20 20:41:08 | DEBUG    | tts5703.tts_engine | event=cosyvoice_worker_stderr message=100%|██████████| 1/1 [00:04<00:00,  4.44s/it]
2026-09-20 20:41:08 | DEBUG    | tts5703.tts_engine | event=cosyvoice_worker_stderr message=  0%|          | 0/1 [00:00<?, ?it/s]2026-09-20 20:41:08,149 INFO synthesis text Let us choose one small action that feels realistic, and then you can decide what support you want after that.
2026-09-20 20:41:12 | DEBUG    | tts5703.tts_engine | event=cosyvoice_worker_stderr message=2026-09-20 20:41:12,942 INFO yield speech len 9.04, rtf 0.5301881680446389
2026-09-20 20:41:12 | DEBUG    | tts5703.tts_engine | event=cosyvoice_worker_stderr message=100%|██████████| 1/1 [00:04<00:00,  4.89s/it]
2026-09-20 20:41:12 | DEBUG    | tts5703.tts_engine | event=cosyvoice_worker_stderr message=100%|██████████| 1/1 [00:04<00:00,  4.89s/it]
2026-09-20 20:41:13 | DEBUG    | pydub.converter | subprocess.call(['ffmpeg', '-y', '-i', 'data/smoke/production_readiness_cv3_output/smoke_005_mixed_longer/turn_001.wav', '-acodec', 'pcm_s32le', '-vn', '-f', 'wav', '-'])
2026-09-20 20:41:13 | DEBUG    | pydub.converter | subprocess.call(['ffmpeg', '-y', '-i', 'data/smoke/production_readiness_cv3_output/smoke_005_mixed_longer/turn_002.wav', '-acodec', 'pcm_s32le', '-vn', '-f', 'wav', '-'])
2026-09-20 20:41:13 | DEBUG    | pydub.converter | subprocess.call(['ffmpeg', '-y', '-i', 'data/smoke/production_readiness_cv3_output/smoke_005_mixed_longer/turn_003.wav', '-acodec', 'pcm_s32le', '-vn', '-f', 'wav', '-'])
2026-09-20 20:41:13 | DEBUG    | pydub.converter | subprocess.call(['ffmpeg', '-y', '-i', 'data/smoke/production_readiness_cv3_output/smoke_005_mixed_longer/turn_004.wav', '-acodec', 'pcm_s32le', '-vn', '-f', 'wav', '-'])
2026-09-20 20:41:13 | DEBUG    | pydub.converter | subprocess.call(['ffmpeg', '-y', '-i', 'data/smoke/production_readiness_cv3_output/smoke_005_mixed_longer/turn_005.wav', '-acodec', 'pcm_s32le', '-vn', '-f', 'wav', '-'])
2026-09-20 20:41:13 | DEBUG    | pydub.converter | subprocess.call(['ffmpeg', '-y', '-i', 'data/smoke/production_readiness_cv3_output/smoke_005_mixed_longer/turn_006.wav', '-acodec', 'pcm_s32le', '-vn', '-f', 'wav', '-'])
2026-09-20 20:41:13 | DEBUG    | pydub.converter | subprocess.call(['ffmpeg', '-y', '-i', 'data/smoke/production_readiness_cv3_output/smoke_005_mixed_longer/turn_001.wav', '-acodec', 'pcm_s32le', '-vn', '-f', 'wav', '-'])
2026-09-20 20:41:13 | DEBUG    | pydub.converter | subprocess.call(['ffmpeg', '-y', '-i', 'data/smoke/production_readiness_cv3_output/smoke_005_mixed_longer/turn_002.wav', '-acodec', 'pcm_s32le', '-vn', '-f', 'wav', '-'])
2026-09-20 20:41:14 | DEBUG    | pydub.converter | subprocess.call(['ffmpeg', '-y', '-i', 'data/smoke/production_readiness_cv3_output/smoke_005_mixed_longer/turn_003.wav', '-acodec', 'pcm_s32le', '-vn', '-f', 'wav', '-'])
2026-09-20 20:41:14 | DEBUG    | pydub.converter | subprocess.call(['ffmpeg', '-y', '-i', 'data/smoke/production_readiness_cv3_output/smoke_005_mixed_longer/turn_004.wav', '-acodec', 'pcm_s32le', '-vn', '-f', 'wav', '-'])
2026-09-20 20:41:14 | DEBUG    | pydub.converter | subprocess.call(['ffmpeg', '-y', '-i', 'data/smoke/production_readiness_cv3_output/smoke_005_mixed_longer/turn_005.wav', '-acodec', 'pcm_s32le', '-vn', '-f', 'wav', '-'])
2026-09-20 20:41:14 | DEBUG    | pydub.converter | subprocess.call(['ffmpeg', '-y', '-i', 'data/smoke/production_readiness_cv3_output/smoke_005_mixed_longer/turn_006.wav', '-acodec', 'pcm_s32le', '-vn', '-f', 'wav', '-'])
2026-09-20 20:41:14 | INFO     | tts5703.pipeline | event=final_dialogue_pipeline_complete dialogue=smoke_005_mixed_longer passed=True elapsed_sec=39.51
2026-09-20 20:41:14 | INFO     | tts5703.cli | event=final_batch_complete status=success rendered=5 resumed=0 excluded=0 failed=0 elapsed_sec=217.00 manifest=data/smoke/production_readiness_cv3_output/batch_result.json
2026-09-20 20:42:19 | DEBUG    | pydub.converter | subprocess.call(['ffmpeg', '-y', '-i', '/home/myu/code/5703tts/data/smoke/production_readiness_cv3_output/smoke_001_baseline/turn_001.wav', '-acodec', 'pcm_s32le', '-vn', '-f', 'wav', '-'])
2026-09-20 20:42:19 | DEBUG    | pydub.converter | subprocess.call(['ffmpeg', '-y', '-i', '/home/myu/code/5703tts/data/smoke/production_readiness_cv3_output/smoke_001_baseline/turn_002.wav', '-acodec', 'pcm_s32le', '-vn', '-f', 'wav', '-'])
2026-09-20 20:42:19 | DEBUG    | pydub.converter | subprocess.call(['ffmpeg', '-y', '-i', '/home/myu/code/5703tts/data/smoke/production_readiness_cv3_output/smoke_001_baseline/turn_003.wav', '-acodec', 'pcm_s32le', '-vn', '-f', 'wav', '-'])
2026-09-20 20:42:19 | DEBUG    | pydub.converter | subprocess.call(['ffmpeg', '-y', '-i', '/home/myu/code/5703tts/data/smoke/production_readiness_cv3_output/smoke_001_baseline/turn_004.wav', '-acodec', 'pcm_s32le', '-vn', '-f', 'wav', '-'])
2026-09-20 20:42:19 | DEBUG    | pydub.converter | subprocess.call(['ffmpeg', '-y', '-i', '/home/myu/code/5703tts/data/smoke/production_readiness_cv3_output/smoke_001_baseline/turn_005.wav', '-acodec', 'pcm_s32le', '-vn', '-f', 'wav', '-'])
2026-09-20 20:42:19 | DEBUG    | pydub.converter | subprocess.call(['ffmpeg', '-y', '-i', '/home/myu/code/5703tts/data/smoke/production_readiness_cv3_output/smoke_001_baseline/turn_006.wav', '-acodec', 'pcm_s32le', '-vn', '-f', 'wav', '-'])
2026-09-20 20:42:19 | DEBUG    | pydub.converter | subprocess.call(['ffmpeg', '-y', '-i', '/home/myu/code/5703tts/data/smoke/production_readiness_cv3_output/smoke_002_rate_arousal/turn_001.wav', '-acodec', 'pcm_s32le', '-vn', '-f', 'wav', '-'])
2026-09-20 20:42:19 | DEBUG    | pydub.converter | subprocess.call(['ffmpeg', '-y', '-i', '/home/myu/code/5703tts/data/smoke/production_readiness_cv3_output/smoke_002_rate_arousal/turn_002.wav', '-acodec', 'pcm_s32le', '-vn', '-f', 'wav', '-'])
2026-09-20 20:42:20 | DEBUG    | pydub.converter | subprocess.call(['ffmpeg', '-y', '-i', '/home/myu/code/5703tts/data/smoke/production_readiness_cv3_output/smoke_002_rate_arousal/turn_003.wav', '-acodec', 'pcm_s32le', '-vn', '-f', 'wav', '-'])
2026-09-20 20:42:20 | DEBUG    | pydub.converter | subprocess.call(['ffmpeg', '-y', '-i', '/home/myu/code/5703tts/data/smoke/production_readiness_cv3_output/smoke_002_rate_arousal/turn_004.wav', '-acodec', 'pcm_s32le', '-vn', '-f', 'wav', '-'])
2026-09-20 20:42:20 | DEBUG    | pydub.converter | subprocess.call(['ffmpeg', '-y', '-i', '/home/myu/code/5703tts/data/smoke/production_readiness_cv3_output/smoke_002_rate_arousal/turn_005.wav', '-acodec', 'pcm_s32le', '-vn', '-f', 'wav', '-'])
2026-09-20 20:42:20 | DEBUG    | pydub.converter | subprocess.call(['ffmpeg', '-y', '-i', '/home/myu/code/5703tts/data/smoke/production_readiness_cv3_output/smoke_002_rate_arousal/turn_006.wav', '-acodec', 'pcm_s32le', '-vn', '-f', 'wav', '-'])
2026-09-20 20:42:20 | DEBUG    | pydub.converter | subprocess.call(['ffmpeg', '-y', '-i', '/home/myu/code/5703tts/data/smoke/production_readiness_cv3_output/smoke_003_affect_coverage/turn_001.wav', '-acodec', 'pcm_s32le', '-vn', '-f', 'wav', '-'])
2026-09-20 20:42:20 | DEBUG    | pydub.converter | subprocess.call(['ffmpeg', '-y', '-i', '/home/myu/code/5703tts/data/smoke/production_readiness_cv3_output/smoke_003_affect_coverage/turn_002.wav', '-acodec', 'pcm_s32le', '-vn', '-f', 'wav', '-'])
2026-09-20 20:42:20 | DEBUG    | pydub.converter | subprocess.call(['ffmpeg', '-y', '-i', '/home/myu/code/5703tts/data/smoke/production_readiness_cv3_output/smoke_003_affect_coverage/turn_003.wav', '-acodec', 'pcm_s32le', '-vn', '-f', 'wav', '-'])
2026-09-20 20:42:20 | DEBUG    | pydub.converter | subprocess.call(['ffmpeg', '-y', '-i', '/home/myu/code/5703tts/data/smoke/production_readiness_cv3_output/smoke_003_affect_coverage/turn_004.wav', '-acodec', 'pcm_s32le', '-vn', '-f', 'wav', '-'])
2026-09-20 20:42:20 | DEBUG    | pydub.converter | subprocess.call(['ffmpeg', '-y', '-i', '/home/myu/code/5703tts/data/smoke/production_readiness_cv3_output/smoke_003_affect_coverage/turn_005.wav', '-acodec', 'pcm_s32le', '-vn', '-f', 'wav', '-'])
2026-09-20 20:42:20 | DEBUG    | pydub.converter | subprocess.call(['ffmpeg', '-y', '-i', '/home/myu/code/5703tts/data/smoke/production_readiness_cv3_output/smoke_003_affect_coverage/turn_006.wav', '-acodec', 'pcm_s32le', '-vn', '-f', 'wav', '-'])
2026-09-20 20:42:21 | DEBUG    | pydub.converter | subprocess.call(['ffmpeg', '-y', '-i', '/home/myu/code/5703tts/data/smoke/production_readiness_cv3_output/smoke_004_pause_hesitation/turn_001.wav', '-acodec', 'pcm_s32le', '-vn', '-f', 'wav', '-'])
2026-09-20 20:42:21 | DEBUG    | pydub.converter | subprocess.call(['ffmpeg', '-y', '-i', '/home/myu/code/5703tts/data/smoke/production_readiness_cv3_output/smoke_004_pause_hesitation/turn_002.wav', '-acodec', 'pcm_s32le', '-vn', '-f', 'wav', '-'])
2026-09-20 20:42:21 | DEBUG    | pydub.converter | subprocess.call(['ffmpeg', '-y', '-i', '/home/myu/code/5703tts/data/smoke/production_readiness_cv3_output/smoke_004_pause_hesitation/turn_003.wav', '-acodec', 'pcm_s32le', '-vn', '-f', 'wav', '-'])
2026-09-20 20:42:21 | DEBUG    | pydub.converter | subprocess.call(['ffmpeg', '-y', '-i', '/home/myu/code/5703tts/data/smoke/production_readiness_cv3_output/smoke_004_pause_hesitation/turn_004.wav', '-acodec', 'pcm_s32le', '-vn', '-f', 'wav', '-'])
2026-09-20 20:42:21 | DEBUG    | pydub.converter | subprocess.call(['ffmpeg', '-y', '-i', '/home/myu/code/5703tts/data/smoke/production_readiness_cv3_output/smoke_004_pause_hesitation/turn_005.wav', '-acodec', 'pcm_s32le', '-vn', '-f', 'wav', '-'])
2026-09-20 20:42:21 | DEBUG    | pydub.converter | subprocess.call(['ffmpeg', '-y', '-i', '/home/myu/code/5703tts/data/smoke/production_readiness_cv3_output/smoke_004_pause_hesitation/turn_006.wav', '-acodec', 'pcm_s32le', '-vn', '-f', 'wav', '-'])
2026-09-20 20:42:21 | DEBUG    | pydub.converter | subprocess.call(['ffmpeg', '-y', '-i', '/home/myu/code/5703tts/data/smoke/production_readiness_cv3_output/smoke_005_mixed_longer/turn_001.wav', '-acodec', 'pcm_s32le', '-vn', '-f', 'wav', '-'])
2026-09-20 20:42:21 | DEBUG    | pydub.converter | subprocess.call(['ffmpeg', '-y', '-i', '/home/myu/code/5703tts/data/smoke/production_readiness_cv3_output/smoke_005_mixed_longer/turn_002.wav', '-acodec', 'pcm_s32le', '-vn', '-f', 'wav', '-'])
2026-09-20 20:42:21 | DEBUG    | pydub.converter | subprocess.call(['ffmpeg', '-y', '-i', '/home/myu/code/5703tts/data/smoke/production_readiness_cv3_output/smoke_005_mixed_longer/turn_003.wav', '-acodec', 'pcm_s32le', '-vn', '-f', 'wav', '-'])
2026-09-20 20:42:21 | DEBUG    | pydub.converter | subprocess.call(['ffmpeg', '-y', '-i', '/home/myu/code/5703tts/data/smoke/production_readiness_cv3_output/smoke_005_mixed_longer/turn_004.wav', '-acodec', 'pcm_s32le', '-vn', '-f', 'wav', '-'])
2026-09-20 20:42:22 | DEBUG    | pydub.converter | subprocess.call(['ffmpeg', '-y', '-i', '/home/myu/code/5703tts/data/smoke/production_readiness_cv3_output/smoke_005_mixed_longer/turn_005.wav', '-acodec', 'pcm_s32le', '-vn', '-f', 'wav', '-'])
2026-09-20 20:42:22 | DEBUG    | pydub.converter | subprocess.call(['ffmpeg', '-y', '-i', '/home/myu/code/5703tts/data/smoke/production_readiness_cv3_output/smoke_005_mixed_longer/turn_006.wav', '-acodec', 'pcm_s32le', '-vn', '-f', 'wav', '-'])
2026-09-20 20:42:22 | INFO     | tts5703.cli | event=final_batch_complete status=success rendered=0 resumed=5 excluded=0 failed=0 elapsed_sec=2.99 manifest=data/smoke/production_readiness_cv3_output/batch_result.json
2026-09-20 20:43:34 | DEBUG    | tts5703.tts_engine | event=cosyvoice_worker_stderr message=[2026-09-20 20:43:34,207] [INFO] [real_accelerator.py:203:get_accelerator] Setting ds_accelerator to cuda (auto detect)
2026-09-20 20:43:36 | DEBUG    | tts5703.tts_engine | event=cosyvoice_worker_stderr message=Sliding Window Attention is enabled but not implemented for `sdpa`; unexpected results may be encountered.
2026-09-20 20:43:37 | DEBUG    | tts5703.tts_engine | event=cosyvoice_worker_stderr message=/home/myu/code/5703tts/third_party/CosyVoice/.venv/lib/python3.10/site-packages/lightning/fabric/__init__.py:41: pkg_resources is deprecated as an API. See https://setuptools.pypa.io/en/latest/pkg_resources.html. The pkg_resources package is slated for removal as early as 2025-11-30. Refrain from using this package or pin to Setuptools<81.
2026-09-20 20:43:39 | DEBUG    | tts5703.tts_engine | event=cosyvoice_worker_stderr message=2026-09-20 20:43:39,670 INFO input frame rate=25
2026-09-20 20:43:40 | DEBUG    | tts5703.tts_engine | event=cosyvoice_worker_stderr message=/home/myu/code/5703tts/third_party/CosyVoice/.venv/lib/python3.10/site-packages/torch/nn/utils/weight_norm.py:28: UserWarning: torch.nn.utils.weight_norm is deprecated in favor of torch.nn.utils.parametrizations.weight_norm.
2026-09-20 20:43:40 | DEBUG    | tts5703.tts_engine | event=cosyvoice_worker_stderr message=  warnings.warn("torch.nn.utils.weight_norm is deprecated in favor of torch.nn.utils.parametrizations.weight_norm.")
2026-09-20 20:43:42 | DEBUG    | tts5703.tts_engine | event=cosyvoice_worker_stderr message=[0;93m2026-09-20 20:43:42.653939035 [W:onnxruntime:, transformer_memcpy.cc:74 ApplyImpl] 14 Memcpy nodes are added to the graph main_graph for CUDAExecutionProvider. It might have negative impact on performance (including unable to run CUDA graph). Set session_options.log_severity_level=1 to see the detail logs before this message.[m
2026-09-20 20:43:42 | DEBUG    | tts5703.tts_engine | event=cosyvoice_worker_stderr message=[0;93m2026-09-20 20:43:42.661104610 [W:onnxruntime:, session_state.cc:1166 VerifyEachNodeIsAssignedToAnEp] Some nodes were not assigned to the preferred execution providers which may or may not have an negative impact on performance. e.g. ORT explicitly assigns shape related ops to CPU to improve perf.[m
2026-09-20 20:43:42 | DEBUG    | tts5703.tts_engine | event=cosyvoice_worker_stderr message=[0;93m2026-09-20 20:43:42.661113076 [W:onnxruntime:, session_state.cc:1168 VerifyEachNodeIsAssignedToAnEp] Rerunning with verbose output on a non-minimal build will show node assignments.[m
2026-09-20 20:43:43 | DEBUG    | tts5703.tts_engine | event=cosyvoice_worker_stderr message=Downloading Model to directory: /home/myu/.cache/modelscope/hub/pengzhendong/wetext
2026-09-20 20:43:43 | DEBUG    | tts5703.tts_engine | event=cosyvoice_worker_stderr message=2026-09-20 20:43:43,267 DEBUG Starting new HTTPS connection (1): www.modelscope.cn:443
2026-09-20 20:43:45 | DEBUG    | tts5703.tts_engine | event=cosyvoice_worker_stderr message=2026-09-20 20:43:45,168 DEBUG https://www.modelscope.cn:443 "GET /api/v1/models/pengzhendong/wetext/revisions HTTP/1.1" 200 222
2026-09-20 20:43:45 | DEBUG    | tts5703.tts_engine | event=cosyvoice_worker_stderr message=2026-09-20 20:43:45,603 DEBUG https://www.modelscope.cn:443 "GET /api/v1/models/pengzhendong/wetext/repo/files?Revision=master&Recursive=True HTTP/1.1" 200 None
2026-09-20 20:43:43 | DEBUG    | tts5703.tts_engine | event=cosyvoice_worker_stderr message=Downloading Model to directory: /home/myu/.cache/modelscope/hub/pengzhendong/wetext
2026-09-20 20:43:43 | DEBUG    | tts5703.tts_engine | event=cosyvoice_worker_stderr message=2026-09-20 20:43:43,550 DEBUG Starting new HTTPS connection (1): www.modelscope.cn:443
2026-09-20 20:43:45 | DEBUG    | tts5703.tts_engine | event=cosyvoice_worker_stderr message=2026-09-20 20:43:45,040 DEBUG https://www.modelscope.cn:443 "GET /api/v1/models/pengzhendong/wetext/revisions HTTP/1.1" 200 222
2026-09-20 20:43:45 | DEBUG    | tts5703.tts_engine | event=cosyvoice_worker_stderr message=2026-09-20 20:43:45,389 DEBUG https://www.modelscope.cn:443 "GET /api/v1/models/pengzhendong/wetext/repo/files?Revision=master&Recursive=True HTTP/1.1" 403 137
2026-09-20 20:43:45 | DEBUG    | tts5703.tts_engine | event=cosyvoice_worker_stderr message=2026-09-20 20:43:45,390 - modelscope - ERROR - Authentication token does not exist,
2026-09-20 20:43:45 | DEBUG    | tts5703.tts_engine | event=cosyvoice_worker_stderr message=2026-09-20 20:43:45,392 INFO no frontend is avaliable
2026-09-20 20:43:54 | DEBUG    | tts5703.tts_engine | event=cosyvoice_worker_ready model_dir=/home/myu/code/5703tts/models/Fun-CosyVoice3-0.5B
2026-09-20 20:44:05 | DEBUG    | tts5703.tts_engine | event=cosyvoice_worker_stderr message=  0%|          | 0/1 [00:00<?, ?it/s]2026-09-20 20:44:05,624 INFO synthesis text I have been feeling overwhelmed lately, and I am not sure where to start.
2026-09-20 20:44:09 | DEBUG    | tts5703.tts_engine | event=cosyvoice_worker_stderr message=2026-09-20 20:44:09,785 INFO yield speech len 4.68, rtf 0.8891688962268015
2026-09-20 20:44:09 | DEBUG    | tts5703.tts_engine | event=cosyvoice_worker_stderr message=100%|██████████| 1/1 [00:15<00:00, 15.13s/it]
2026-09-20 20:44:09 | DEBUG    | tts5703.tts_engine | event=cosyvoice_worker_stderr message=100%|██████████| 1/1 [00:15<00:00, 15.13s/it]
2026-09-20 20:44:17 | DEBUG    | tts5703.tts_engine | event=cosyvoice_worker_stderr message=  0%|          | 0/1 [00:00<?, ?it/s]2026-09-20 20:44:17,729 INFO synthesis text We can take this one step at a time. What feels most difficult right now?
2026-09-20 20:44:21 | DEBUG    | tts5703.tts_engine | event=cosyvoice_worker_stderr message=2026-09-20 20:44:21,128 INFO yield speech len 4.64, rtf 0.7326170802116394
2026-09-20 20:44:21 | DEBUG    | tts5703.tts_engine | event=cosyvoice_worker_stderr message=100%|██████████| 1/1 [00:11<00:00, 11.29s/it]
2026-09-20 20:44:21 | DEBUG    | tts5703.tts_engine | event=cosyvoice_worker_stderr message=100%|██████████| 1/1 [00:11<00:00, 11.29s/it]
2026-09-20 20:44:21 | DEBUG    | tts5703.tts_engine | event=cosyvoice_worker_stderr message=  0%|          | 0/1 [00:00<?, ?it/s]2026-09-20 20:44:21,242 INFO synthesis text Work has been piling up, and every small problem seems much bigger than it should.
2026-09-20 20:44:25 | DEBUG    | tts5703.tts_engine | event=cosyvoice_worker_stderr message=2026-09-20 20:44:25,474 INFO yield speech len 5.3, rtf 0.798359861913717
2026-09-20 20:44:25 | DEBUG    | tts5703.tts_engine | event=cosyvoice_worker_stderr message=100%|██████████| 1/1 [00:04<00:00,  4.33s/it]
2026-09-20 20:44:25 | DEBUG    | tts5703.tts_engine | event=cosyvoice_worker_stderr message=100%|██████████| 1/1 [00:04<00:00,  4.33s/it]
2026-09-20 20:44:25 | DEBUG    | tts5703.tts_engine | event=cosyvoice_worker_stderr message=  0%|          | 0/1 [00:00<?, ?it/s]2026-09-20 20:44:25,579 INFO synthesis text It sounds exhausting to carry all of that at once. We can slow things down together.
2026-09-20 20:44:29 | DEBUG    | tts5703.tts_engine | event=cosyvoice_worker_stderr message=2026-09-20 20:44:29,316 INFO yield speech len 6.3, rtf 0.5931660864088271
2026-09-20 20:44:29 | DEBUG    | tts5703.tts_engine | event=cosyvoice_worker_stderr message=100%|██████████| 1/1 [00:03<00:00,  3.83s/it]
2026-09-20 20:44:29 | DEBUG    | tts5703.tts_engine | event=cosyvoice_worker_stderr message=100%|██████████| 1/1 [00:03<00:00,  3.83s/it]
2026-09-20 20:44:29 | DEBUG    | tts5703.tts_engine | event=cosyvoice_worker_stderr message=  0%|          | 0/1 [00:00<?, ?it/s]2026-09-20 20:44:29,428 INFO synthesis text ummm, I think talking about it already makes the situation feel a little clearer.
2026-09-20 20:44:33 | DEBUG    | tts5703.tts_engine | event=cosyvoice_worker_stderr message=2026-09-20 20:44:33,253 INFO yield speech len 5.68, rtf 0.673474434395911
2026-09-20 20:44:33 | DEBUG    | tts5703.tts_engine | event=cosyvoice_worker_stderr message=100%|██████████| 1/1 [00:03<00:00,  3.92s/it]
2026-09-20 20:44:33 | DEBUG    | tts5703.tts_engine | event=cosyvoice_worker_stderr message=100%|██████████| 1/1 [00:03<00:00,  3.92s/it]
2026-09-20 20:44:33 | DEBUG    | tts5703.tts_engine | event=cosyvoice_worker_stderr message=  0%|          | 0/1 [00:00<?, ?it/s]2026-09-20 20:44:33,369 INFO synthesis text That is a useful start. We can focus on one practical thing you can do next.
2026-09-20 20:44:36 | DEBUG    | tts5703.tts_engine | event=cosyvoice_worker_stderr message=2026-09-20 20:44:36,701 INFO yield speech len 4.72, rtf 0.7059284185959122
2026-09-20 20:44:36 | DEBUG    | tts5703.tts_engine | event=cosyvoice_worker_stderr message=100%|██████████| 1/1 [00:03<00:00,  3.43s/it]
2026-09-20 20:44:36 | DEBUG    | tts5703.tts_engine | event=cosyvoice_worker_stderr message=100%|██████████| 1/1 [00:03<00:00,  3.43s/it]
2026-09-20 20:44:37 | DEBUG    | pydub.converter | subprocess.call(['ffmpeg', '-y', '-i', 'data/smoke/production_readiness_cv3_output/smoke_001_baseline/turn_001.wav', '-acodec', 'pcm_s32le', '-vn', '-f', 'wav', '-'])
2026-09-20 20:44:37 | DEBUG    | pydub.converter | subprocess.call(['ffmpeg', '-y', '-i', 'data/smoke/production_readiness_cv3_output/smoke_001_baseline/turn_002.wav', '-acodec', 'pcm_s32le', '-vn', '-f', 'wav', '-'])
2026-09-20 20:44:37 | DEBUG    | pydub.converter | subprocess.call(['ffmpeg', '-y', '-i', 'data/smoke/production_readiness_cv3_output/smoke_001_baseline/turn_003.wav', '-acodec', 'pcm_s32le', '-vn', '-f', 'wav', '-'])
2026-09-20 20:44:37 | DEBUG    | pydub.converter | subprocess.call(['ffmpeg', '-y', '-i', 'data/smoke/production_readiness_cv3_output/smoke_001_baseline/turn_004.wav', '-acodec', 'pcm_s32le', '-vn', '-f', 'wav', '-'])
2026-09-20 20:44:37 | DEBUG    | pydub.converter | subprocess.call(['ffmpeg', '-y', '-i', 'data/smoke/production_readiness_cv3_output/smoke_001_baseline/turn_005.wav', '-acodec', 'pcm_s32le', '-vn', '-f', 'wav', '-'])
2026-09-20 20:44:37 | DEBUG    | pydub.converter | subprocess.call(['ffmpeg', '-y', '-i', 'data/smoke/production_readiness_cv3_output/smoke_001_baseline/turn_006.wav', '-acodec', 'pcm_s32le', '-vn', '-f', 'wav', '-'])
2026-09-20 20:44:37 | DEBUG    | pydub.converter | subprocess.call(['ffmpeg', '-y', '-i', 'data/smoke/production_readiness_cv3_output/smoke_001_baseline/turn_001.wav', '-acodec', 'pcm_s32le', '-vn', '-f', 'wav', '-'])
2026-09-20 20:44:37 | DEBUG    | pydub.converter | subprocess.call(['ffmpeg', '-y', '-i', 'data/smoke/production_readiness_cv3_output/smoke_001_baseline/turn_002.wav', '-acodec', 'pcm_s32le', '-vn', '-f', 'wav', '-'])
2026-09-20 20:44:38 | DEBUG    | pydub.converter | subprocess.call(['ffmpeg', '-y', '-i', 'data/smoke/production_readiness_cv3_output/smoke_001_baseline/turn_003.wav', '-acodec', 'pcm_s32le', '-vn', '-f', 'wav', '-'])
2026-09-20 20:44:38 | DEBUG    | pydub.converter | subprocess.call(['ffmpeg', '-y', '-i', 'data/smoke/production_readiness_cv3_output/smoke_001_baseline/turn_004.wav', '-acodec', 'pcm_s32le', '-vn', '-f', 'wav', '-'])
2026-09-20 20:44:38 | DEBUG    | pydub.converter | subprocess.call(['ffmpeg', '-y', '-i', 'data/smoke/production_readiness_cv3_output/smoke_001_baseline/turn_005.wav', '-acodec', 'pcm_s32le', '-vn', '-f', 'wav', '-'])
2026-09-20 20:44:38 | DEBUG    | pydub.converter | subprocess.call(['ffmpeg', '-y', '-i', 'data/smoke/production_readiness_cv3_output/smoke_001_baseline/turn_006.wav', '-acodec', 'pcm_s32le', '-vn', '-f', 'wav', '-'])
2026-09-20 20:44:38 | INFO     | tts5703.pipeline | event=final_dialogue_pipeline_complete dialogue=smoke_001_baseline passed=True elapsed_sec=73.49
2026-09-20 20:44:38 | DEBUG    | pydub.converter | subprocess.call(['ffmpeg', '-y', '-i', '/home/myu/code/5703tts/data/smoke/production_readiness_cv3_output/smoke_002_rate_arousal/turn_001.wav', '-acodec', 'pcm_s32le', '-vn', '-f', 'wav', '-'])
2026-09-20 20:44:38 | DEBUG    | pydub.converter | subprocess.call(['ffmpeg', '-y', '-i', '/home/myu/code/5703tts/data/smoke/production_readiness_cv3_output/smoke_002_rate_arousal/turn_002.wav', '-acodec', 'pcm_s32le', '-vn', '-f', 'wav', '-'])
2026-09-20 20:44:38 | DEBUG    | pydub.converter | subprocess.call(['ffmpeg', '-y', '-i', '/home/myu/code/5703tts/data/smoke/production_readiness_cv3_output/smoke_002_rate_arousal/turn_003.wav', '-acodec', 'pcm_s32le', '-vn', '-f', 'wav', '-'])
2026-09-20 20:44:38 | DEBUG    | pydub.converter | subprocess.call(['ffmpeg', '-y', '-i', '/home/myu/code/5703tts/data/smoke/production_readiness_cv3_output/smoke_002_rate_arousal/turn_004.wav', '-acodec', 'pcm_s32le', '-vn', '-f', 'wav', '-'])
2026-09-20 20:44:38 | DEBUG    | pydub.converter | subprocess.call(['ffmpeg', '-y', '-i', '/home/myu/code/5703tts/data/smoke/production_readiness_cv3_output/smoke_002_rate_arousal/turn_005.wav', '-acodec', 'pcm_s32le', '-vn', '-f', 'wav', '-'])
2026-09-20 20:44:38 | DEBUG    | pydub.converter | subprocess.call(['ffmpeg', '-y', '-i', '/home/myu/code/5703tts/data/smoke/production_readiness_cv3_output/smoke_002_rate_arousal/turn_006.wav', '-acodec', 'pcm_s32le', '-vn', '-f', 'wav', '-'])
2026-09-20 20:44:38 | DEBUG    | pydub.converter | subprocess.call(['ffmpeg', '-y', '-i', '/home/myu/code/5703tts/data/smoke/production_readiness_cv3_output/smoke_003_affect_coverage/turn_001.wav', '-acodec', 'pcm_s32le', '-vn', '-f', 'wav', '-'])
2026-09-20 20:44:39 | DEBUG    | pydub.converter | subprocess.call(['ffmpeg', '-y', '-i', '/home/myu/code/5703tts/data/smoke/production_readiness_cv3_output/smoke_003_affect_coverage/turn_002.wav', '-acodec', 'pcm_s32le', '-vn', '-f', 'wav', '-'])
2026-09-20 20:44:39 | DEBUG    | pydub.converter | subprocess.call(['ffmpeg', '-y', '-i', '/home/myu/code/5703tts/data/smoke/production_readiness_cv3_output/smoke_003_affect_coverage/turn_003.wav', '-acodec', 'pcm_s32le', '-vn', '-f', 'wav', '-'])
2026-09-20 20:44:39 | DEBUG    | pydub.converter | subprocess.call(['ffmpeg', '-y', '-i', '/home/myu/code/5703tts/data/smoke/production_readiness_cv3_output/smoke_003_affect_coverage/turn_004.wav', '-acodec', 'pcm_s32le', '-vn', '-f', 'wav', '-'])
2026-09-20 20:44:39 | DEBUG    | pydub.converter | subprocess.call(['ffmpeg', '-y', '-i', '/home/myu/code/5703tts/data/smoke/production_readiness_cv3_output/smoke_003_affect_coverage/turn_005.wav', '-acodec', 'pcm_s32le', '-vn', '-f', 'wav', '-'])
2026-09-20 20:44:39 | DEBUG    | pydub.converter | subprocess.call(['ffmpeg', '-y', '-i', '/home/myu/code/5703tts/data/smoke/production_readiness_cv3_output/smoke_003_affect_coverage/turn_006.wav', '-acodec', 'pcm_s32le', '-vn', '-f', 'wav', '-'])
2026-09-20 20:44:39 | DEBUG    | pydub.converter | subprocess.call(['ffmpeg', '-y', '-i', '/home/myu/code/5703tts/data/smoke/production_readiness_cv3_output/smoke_004_pause_hesitation/turn_001.wav', '-acodec', 'pcm_s32le', '-vn', '-f', 'wav', '-'])
2026-09-20 20:44:39 | DEBUG    | pydub.converter | subprocess.call(['ffmpeg', '-y', '-i', '/home/myu/code/5703tts/data/smoke/production_readiness_cv3_output/smoke_004_pause_hesitation/turn_002.wav', '-acodec', 'pcm_s32le', '-vn', '-f', 'wav', '-'])
2026-09-20 20:44:39 | DEBUG    | pydub.converter | subprocess.call(['ffmpeg', '-y', '-i', '/home/myu/code/5703tts/data/smoke/production_readiness_cv3_output/smoke_004_pause_hesitation/turn_003.wav', '-acodec', 'pcm_s32le', '-vn', '-f', 'wav', '-'])
2026-09-20 20:44:39 | DEBUG    | pydub.converter | subprocess.call(['ffmpeg', '-y', '-i', '/home/myu/code/5703tts/data/smoke/production_readiness_cv3_output/smoke_004_pause_hesitation/turn_004.wav', '-acodec', 'pcm_s32le', '-vn', '-f', 'wav', '-'])
2026-09-20 20:44:39 | DEBUG    | pydub.converter | subprocess.call(['ffmpeg', '-y', '-i', '/home/myu/code/5703tts/data/smoke/production_readiness_cv3_output/smoke_004_pause_hesitation/turn_005.wav', '-acodec', 'pcm_s32le', '-vn', '-f', 'wav', '-'])
2026-09-20 20:44:40 | DEBUG    | pydub.converter | subprocess.call(['ffmpeg', '-y', '-i', '/home/myu/code/5703tts/data/smoke/production_readiness_cv3_output/smoke_004_pause_hesitation/turn_006.wav', '-acodec', 'pcm_s32le', '-vn', '-f', 'wav', '-'])
2026-09-20 20:44:40 | DEBUG    | pydub.converter | subprocess.call(['ffmpeg', '-y', '-i', '/home/myu/code/5703tts/data/smoke/production_readiness_cv3_output/smoke_005_mixed_longer/turn_001.wav', '-acodec', 'pcm_s32le', '-vn', '-f', 'wav', '-'])
2026-09-20 20:44:40 | DEBUG    | pydub.converter | subprocess.call(['ffmpeg', '-y', '-i', '/home/myu/code/5703tts/data/smoke/production_readiness_cv3_output/smoke_005_mixed_longer/turn_002.wav', '-acodec', 'pcm_s32le', '-vn', '-f', 'wav', '-'])
2026-09-20 20:44:40 | DEBUG    | pydub.converter | subprocess.call(['ffmpeg', '-y', '-i', '/home/myu/code/5703tts/data/smoke/production_readiness_cv3_output/smoke_005_mixed_longer/turn_003.wav', '-acodec', 'pcm_s32le', '-vn', '-f', 'wav', '-'])
2026-09-20 20:44:40 | DEBUG    | pydub.converter | subprocess.call(['ffmpeg', '-y', '-i', '/home/myu/code/5703tts/data/smoke/production_readiness_cv3_output/smoke_005_mixed_longer/turn_004.wav', '-acodec', 'pcm_s32le', '-vn', '-f', 'wav', '-'])
2026-09-20 20:44:40 | DEBUG    | pydub.converter | subprocess.call(['ffmpeg', '-y', '-i', '/home/myu/code/5703tts/data/smoke/production_readiness_cv3_output/smoke_005_mixed_longer/turn_005.wav', '-acodec', 'pcm_s32le', '-vn', '-f', 'wav', '-'])
2026-09-20 20:44:40 | DEBUG    | pydub.converter | subprocess.call(['ffmpeg', '-y', '-i', '/home/myu/code/5703tts/data/smoke/production_readiness_cv3_output/smoke_005_mixed_longer/turn_006.wav', '-acodec', 'pcm_s32le', '-vn', '-f', 'wav', '-'])
2026-09-20 20:44:40 | INFO     | tts5703.cli | event=final_batch_complete status=success rendered=1 resumed=4 excluded=0 failed=0 elapsed_sec=75.85 manifest=data/smoke/production_readiness_cv3_output/batch_result.json
2026-09-20 20:45:11 | DEBUG    | tts5703.tts_engine | event=cosyvoice_worker_stderr message=[2026-09-20 20:45:11,216] [INFO] [real_accelerator.py:203:get_accelerator] Setting ds_accelerator to cuda (auto detect)
2026-09-20 20:45:14 | DEBUG    | tts5703.tts_engine | event=cosyvoice_worker_stderr message=Sliding Window Attention is enabled but not implemented for `sdpa`; unexpected results may be encountered.
2026-09-20 20:45:14 | DEBUG    | tts5703.tts_engine | event=cosyvoice_worker_stderr message=/home/myu/code/5703tts/third_party/CosyVoice/.venv/lib/python3.10/site-packages/lightning/fabric/__init__.py:41: pkg_resources is deprecated as an API. See https://setuptools.pypa.io/en/latest/pkg_resources.html. The pkg_resources package is slated for removal as early as 2025-11-30. Refrain from using this package or pin to Setuptools<81.
2026-09-20 20:45:14 | DEBUG    | tts5703.tts_engine | event=cosyvoice_worker_stderr message=2026-09-20 20:45:14,123 INFO input frame rate=25
2026-09-20 20:45:14 | DEBUG    | tts5703.tts_engine | event=cosyvoice_worker_stderr message=/home/myu/code/5703tts/third_party/CosyVoice/.venv/lib/python3.10/site-packages/torch/nn/utils/weight_norm.py:28: UserWarning: torch.nn.utils.weight_norm is deprecated in favor of torch.nn.utils.parametrizations.weight_norm.
2026-09-20 20:45:14 | DEBUG    | tts5703.tts_engine | event=cosyvoice_worker_stderr message=  warnings.warn("torch.nn.utils.weight_norm is deprecated in favor of torch.nn.utils.parametrizations.weight_norm.")
2026-09-20 20:45:16 | DEBUG    | tts5703.tts_engine | event=cosyvoice_worker_stderr message=[0;93m2026-09-20 20:45:16.960586964 [W:onnxruntime:, transformer_memcpy.cc:74 ApplyImpl] 14 Memcpy nodes are added to the graph main_graph for CUDAExecutionProvider. It might have negative impact on performance (including unable to run CUDA graph). Set session_options.log_severity_level=1 to see the detail logs before this message.[m
2026-09-20 20:45:16 | DEBUG    | tts5703.tts_engine | event=cosyvoice_worker_stderr message=[0;93m2026-09-20 20:45:16.967350087 [W:onnxruntime:, session_state.cc:1166 VerifyEachNodeIsAssignedToAnEp] Some nodes were not assigned to the preferred execution providers which may or may not have an negative impact on performance. e.g. ORT explicitly assigns shape related ops to CPU to improve perf.[m
2026-09-20 20:45:16 | DEBUG    | tts5703.tts_engine | event=cosyvoice_worker_stderr message=[0;93m2026-09-20 20:45:16.967360228 [W:onnxruntime:, session_state.cc:1168 VerifyEachNodeIsAssignedToAnEp] Rerunning with verbose output on a non-minimal build will show node assignments.[m
2026-09-20 20:45:17 | DEBUG    | tts5703.tts_engine | event=cosyvoice_worker_stderr message=Downloading Model to directory: /home/myu/.cache/modelscope/hub/pengzhendong/wetext
2026-09-20 20:45:17 | DEBUG    | tts5703.tts_engine | event=cosyvoice_worker_stderr message=2026-09-20 20:45:17,606 DEBUG Starting new HTTPS connection (1): www.modelscope.cn:443
2026-09-20 20:45:19 | DEBUG    | tts5703.tts_engine | event=cosyvoice_worker_stderr message=2026-09-20 20:45:19,204 DEBUG https://www.modelscope.cn:443 "GET /api/v1/models/pengzhendong/wetext/revisions HTTP/1.1" 200 222
2026-09-20 20:45:19 | DEBUG    | tts5703.tts_engine | event=cosyvoice_worker_stderr message=2026-09-20 20:45:19,636 DEBUG https://www.modelscope.cn:443 "GET /api/v1/models/pengzhendong/wetext/repo/files?Revision=master&Recursive=True HTTP/1.1" 200 None
2026-09-20 20:45:20 | DEBUG    | tts5703.tts_engine | event=cosyvoice_worker_stderr message=Downloading Model to directory: /home/myu/.cache/modelscope/hub/pengzhendong/wetext
2026-09-20 20:45:20 | DEBUG    | tts5703.tts_engine | event=cosyvoice_worker_stderr message=2026-09-20 20:45:20,089 DEBUG Starting new HTTPS connection (1): www.modelscope.cn:443
2026-09-20 20:45:21 | DEBUG    | tts5703.tts_engine | event=cosyvoice_worker_stderr message=2026-09-20 20:45:21,546 DEBUG https://www.modelscope.cn:443 "GET /api/v1/models/pengzhendong/wetext/revisions HTTP/1.1" 200 222
2026-09-20 20:45:21 | DEBUG    | tts5703.tts_engine | event=cosyvoice_worker_stderr message=2026-09-20 20:45:21,951 DEBUG https://www.modelscope.cn:443 "GET /api/v1/models/pengzhendong/wetext/repo/files?Revision=master&Recursive=True HTTP/1.1" 200 None
2026-09-20 20:45:22 | DEBUG    | tts5703.tts_engine | event=cosyvoice_worker_stderr message=2026-09-20 20:45:22,377 INFO use wetext frontend
2026-09-20 20:45:30 | DEBUG    | tts5703.tts_engine | event=cosyvoice_worker_ready model_dir=/home/myu/code/5703tts/models/Fun-CosyVoice3-0.5B
2026-09-20 20:45:41 | DEBUG    | tts5703.tts_engine | event=cosyvoice_worker_stderr message=  0%|          | 0/1 [00:00<?, ?it/s]2026-09-20 20:45:41,521 INFO synthesis text I have been feeling overwhelmed lately, and I am not sure where to start.
2026-09-20 20:45:45 | DEBUG    | tts5703.tts_engine | event=cosyvoice_worker_stderr message=2026-09-20 20:45:45,579 INFO yield speech len 4.68, rtf 0.8669042179727148
2026-09-20 20:45:45 | DEBUG    | tts5703.tts_engine | event=cosyvoice_worker_stderr message=100%|██████████| 1/1 [00:15<00:00, 15.11s/it]
2026-09-20 20:45:45 | DEBUG    | tts5703.tts_engine | event=cosyvoice_worker_stderr message=100%|██████████| 1/1 [00:15<00:00, 15.11s/it]
2026-09-20 20:45:53 | DEBUG    | tts5703.tts_engine | event=cosyvoice_worker_stderr message=  0%|          | 0/1 [00:00<?, ?it/s]2026-09-20 20:45:53,533 INFO synthesis text We can take this one step at a time. What feels most difficult right now?
2026-09-20 20:45:56 | DEBUG    | tts5703.tts_engine | event=cosyvoice_worker_stderr message=2026-09-20 20:45:56,910 INFO yield speech len 4.64, rtf 0.7277912107007257
2026-09-20 20:45:56 | DEBUG    | tts5703.tts_engine | event=cosyvoice_worker_stderr message=100%|██████████| 1/1 [00:11<00:00, 11.29s/it]
2026-09-20 20:45:56 | DEBUG    | tts5703.tts_engine | event=cosyvoice_worker_stderr message=100%|██████████| 1/1 [00:11<00:00, 11.29s/it]
2026-09-20 20:45:57 | DEBUG    | tts5703.tts_engine | event=cosyvoice_worker_stderr message=  0%|          | 0/1 [00:00<?, ?it/s]2026-09-20 20:45:57,024 INFO synthesis text Work has been piling up, and every small problem seems much bigger than it should.
2026-09-20 20:46:01 | DEBUG    | tts5703.tts_engine | event=cosyvoice_worker_stderr message=2026-09-20 20:46:01,257 INFO yield speech len 5.3, rtf 0.7986111460991626
2026-09-20 20:46:01 | DEBUG    | tts5703.tts_engine | event=cosyvoice_worker_stderr message=100%|██████████| 1/1 [00:04<00:00,  4.33s/it]
2026-09-20 20:46:01 | DEBUG    | tts5703.tts_engine | event=cosyvoice_worker_stderr message=100%|██████████| 1/1 [00:04<00:00,  4.33s/it]
2026-09-20 20:46:01 | DEBUG    | tts5703.tts_engine | event=cosyvoice_worker_stderr message=  0%|          | 0/1 [00:00<?, ?it/s]2026-09-20 20:46:01,371 INFO synthesis text It sounds exhausting to carry all of that at once. We can slow things down together.
2026-09-20 20:46:05 | DEBUG    | tts5703.tts_engine | event=cosyvoice_worker_stderr message=2026-09-20 20:46:05,123 INFO yield speech len 6.3, rtf 0.5954843097262913
2026-09-20 20:46:05 | DEBUG    | tts5703.tts_engine | event=cosyvoice_worker_stderr message=100%|██████████| 1/1 [00:03<00:00,  3.85s/it]
2026-09-20 20:46:05 | DEBUG    | tts5703.tts_engine | event=cosyvoice_worker_stderr message=100%|██████████| 1/1 [00:03<00:00,  3.85s/it]
2026-09-20 20:46:05 | DEBUG    | tts5703.tts_engine | event=cosyvoice_worker_stderr message=  0%|          | 0/1 [00:00<?, ?it/s]2026-09-20 20:46:05,238 INFO synthesis text ummm, I think talking about it already makes the situation feel a little clearer.
2026-09-20 20:46:09 | DEBUG    | tts5703.tts_engine | event=cosyvoice_worker_stderr message=2026-09-20 20:46:09,080 INFO yield speech len 5.68, rtf 0.6763876743719611
2026-09-20 20:46:09 | DEBUG    | tts5703.tts_engine | event=cosyvoice_worker_stderr message=100%|██████████| 1/1 [00:03<00:00,  3.94s/it]
2026-09-20 20:46:09 | DEBUG    | tts5703.tts_engine | event=cosyvoice_worker_stderr message=100%|██████████| 1/1 [00:03<00:00,  3.94s/it]
2026-09-20 20:46:09 | DEBUG    | tts5703.tts_engine | event=cosyvoice_worker_stderr message=  0%|          | 0/1 [00:00<?, ?it/s]2026-09-20 20:46:09,191 INFO synthesis text That is a useful start. We can focus on one practical thing you can do next.
2026-09-20 20:46:12 | DEBUG    | tts5703.tts_engine | event=cosyvoice_worker_stderr message=2026-09-20 20:46:12,467 INFO yield speech len 4.72, rtf 0.693995265637414
2026-09-20 20:46:12 | DEBUG    | tts5703.tts_engine | event=cosyvoice_worker_stderr message=100%|██████████| 1/1 [00:03<00:00,  3.37s/it]
2026-09-20 20:46:12 | DEBUG    | tts5703.tts_engine | event=cosyvoice_worker_stderr message=100%|██████████| 1/1 [00:03<00:00,  3.37s/it]
2026-09-20 20:46:12 | DEBUG    | pydub.converter | subprocess.call(['ffmpeg', '-y', '-i', 'data/smoke/production_readiness_cv3_output/smoke_001_baseline/turn_001.wav', '-acodec', 'pcm_s32le', '-vn', '-f', 'wav', '-'])
2026-09-20 20:46:12 | DEBUG    | pydub.converter | subprocess.call(['ffmpeg', '-y', '-i', 'data/smoke/production_readiness_cv3_output/smoke_001_baseline/turn_002.wav', '-acodec', 'pcm_s32le', '-vn', '-f', 'wav', '-'])
2026-09-20 20:46:12 | DEBUG    | pydub.converter | subprocess.call(['ffmpeg', '-y', '-i', 'data/smoke/production_readiness_cv3_output/smoke_001_baseline/turn_003.wav', '-acodec', 'pcm_s32le', '-vn', '-f', 'wav', '-'])
2026-09-20 20:46:13 | DEBUG    | pydub.converter | subprocess.call(['ffmpeg', '-y', '-i', 'data/smoke/production_readiness_cv3_output/smoke_001_baseline/turn_004.wav', '-acodec', 'pcm_s32le', '-vn', '-f', 'wav', '-'])
2026-09-20 20:46:13 | DEBUG    | pydub.converter | subprocess.call(['ffmpeg', '-y', '-i', 'data/smoke/production_readiness_cv3_output/smoke_001_baseline/turn_005.wav', '-acodec', 'pcm_s32le', '-vn', '-f', 'wav', '-'])
2026-09-20 20:46:13 | DEBUG    | pydub.converter | subprocess.call(['ffmpeg', '-y', '-i', 'data/smoke/production_readiness_cv3_output/smoke_001_baseline/turn_006.wav', '-acodec', 'pcm_s32le', '-vn', '-f', 'wav', '-'])
2026-09-20 20:46:13 | DEBUG    | pydub.converter | subprocess.call(['ffmpeg', '-y', '-i', 'data/smoke/production_readiness_cv3_output/smoke_001_baseline/turn_001.wav', '-acodec', 'pcm_s32le', '-vn', '-f', 'wav', '-'])
2026-09-20 20:46:13 | DEBUG    | pydub.converter | subprocess.call(['ffmpeg', '-y', '-i', 'data/smoke/production_readiness_cv3_output/smoke_001_baseline/turn_002.wav', '-acodec', 'pcm_s32le', '-vn', '-f', 'wav', '-'])
2026-09-20 20:46:13 | DEBUG    | pydub.converter | subprocess.call(['ffmpeg', '-y', '-i', 'data/smoke/production_readiness_cv3_output/smoke_001_baseline/turn_003.wav', '-acodec', 'pcm_s32le', '-vn', '-f', 'wav', '-'])
2026-09-20 20:46:13 | DEBUG    | pydub.converter | subprocess.call(['ffmpeg', '-y', '-i', 'data/smoke/production_readiness_cv3_output/smoke_001_baseline/turn_004.wav', '-acodec', 'pcm_s32le', '-vn', '-f', 'wav', '-'])
2026-09-20 20:46:14 | DEBUG    | pydub.converter | subprocess.call(['ffmpeg', '-y', '-i', 'data/smoke/production_readiness_cv3_output/smoke_001_baseline/turn_005.wav', '-acodec', 'pcm_s32le', '-vn', '-f', 'wav', '-'])
2026-09-20 20:46:14 | DEBUG    | pydub.converter | subprocess.call(['ffmpeg', '-y', '-i', 'data/smoke/production_readiness_cv3_output/smoke_001_baseline/turn_006.wav', '-acodec', 'pcm_s32le', '-vn', '-f', 'wav', '-'])
2026-09-20 20:46:14 | INFO     | tts5703.pipeline | event=final_dialogue_pipeline_complete dialogue=smoke_001_baseline passed=True elapsed_sec=72.10
2026-09-20 20:46:14 | DEBUG    | pydub.converter | subprocess.call(['ffmpeg', '-y', '-i', '/home/myu/code/5703tts/data/smoke/production_readiness_cv3_output/smoke_002_rate_arousal/turn_001.wav', '-acodec', 'pcm_s32le', '-vn', '-f', 'wav', '-'])
2026-09-20 20:46:14 | DEBUG    | pydub.converter | subprocess.call(['ffmpeg', '-y', '-i', '/home/myu/code/5703tts/data/smoke/production_readiness_cv3_output/smoke_002_rate_arousal/turn_002.wav', '-acodec', 'pcm_s32le', '-vn', '-f', 'wav', '-'])
2026-09-20 20:46:14 | DEBUG    | pydub.converter | subprocess.call(['ffmpeg', '-y', '-i', '/home/myu/code/5703tts/data/smoke/production_readiness_cv3_output/smoke_002_rate_arousal/turn_003.wav', '-acodec', 'pcm_s32le', '-vn', '-f', 'wav', '-'])
2026-09-20 20:46:14 | DEBUG    | pydub.converter | subprocess.call(['ffmpeg', '-y', '-i', '/home/myu/code/5703tts/data/smoke/production_readiness_cv3_output/smoke_002_rate_arousal/turn_004.wav', '-acodec', 'pcm_s32le', '-vn', '-f', 'wav', '-'])
2026-09-20 20:46:14 | DEBUG    | pydub.converter | subprocess.call(['ffmpeg', '-y', '-i', '/home/myu/code/5703tts/data/smoke/production_readiness_cv3_output/smoke_002_rate_arousal/turn_005.wav', '-acodec', 'pcm_s32le', '-vn', '-f', 'wav', '-'])
2026-09-20 20:46:14 | DEBUG    | pydub.converter | subprocess.call(['ffmpeg', '-y', '-i', '/home/myu/code/5703tts/data/smoke/production_readiness_cv3_output/smoke_002_rate_arousal/turn_006.wav', '-acodec', 'pcm_s32le', '-vn', '-f', 'wav', '-'])
2026-09-20 20:46:14 | DEBUG    | pydub.converter | subprocess.call(['ffmpeg', '-y', '-i', '/home/myu/code/5703tts/data/smoke/production_readiness_cv3_output/smoke_003_affect_coverage/turn_001.wav', '-acodec', 'pcm_s32le', '-vn', '-f', 'wav', '-'])
2026-09-20 20:46:14 | DEBUG    | pydub.converter | subprocess.call(['ffmpeg', '-y', '-i', '/home/myu/code/5703tts/data/smoke/production_readiness_cv3_output/smoke_003_affect_coverage/turn_002.wav', '-acodec', 'pcm_s32le', '-vn', '-f', 'wav', '-'])
2026-09-20 20:46:14 | DEBUG    | pydub.converter | subprocess.call(['ffmpeg', '-y', '-i', '/home/myu/code/5703tts/data/smoke/production_readiness_cv3_output/smoke_003_affect_coverage/turn_003.wav', '-acodec', 'pcm_s32le', '-vn', '-f', 'wav', '-'])
2026-09-20 20:46:15 | DEBUG    | pydub.converter | subprocess.call(['ffmpeg', '-y', '-i', '/home/myu/code/5703tts/data/smoke/production_readiness_cv3_output/smoke_003_affect_coverage/turn_004.wav', '-acodec', 'pcm_s32le', '-vn', '-f', 'wav', '-'])
2026-09-20 20:46:15 | DEBUG    | pydub.converter | subprocess.call(['ffmpeg', '-y', '-i', '/home/myu/code/5703tts/data/smoke/production_readiness_cv3_output/smoke_003_affect_coverage/turn_005.wav', '-acodec', 'pcm_s32le', '-vn', '-f', 'wav', '-'])
2026-09-20 20:46:15 | DEBUG    | pydub.converter | subprocess.call(['ffmpeg', '-y', '-i', '/home/myu/code/5703tts/data/smoke/production_readiness_cv3_output/smoke_003_affect_coverage/turn_006.wav', '-acodec', 'pcm_s32le', '-vn', '-f', 'wav', '-'])
2026-09-20 20:46:15 | DEBUG    | pydub.converter | subprocess.call(['ffmpeg', '-y', '-i', '/home/myu/code/5703tts/data/smoke/production_readiness_cv3_output/smoke_004_pause_hesitation/turn_001.wav', '-acodec', 'pcm_s32le', '-vn', '-f', 'wav', '-'])
2026-09-20 20:46:15 | DEBUG    | pydub.converter | subprocess.call(['ffmpeg', '-y', '-i', '/home/myu/code/5703tts/data/smoke/production_readiness_cv3_output/smoke_004_pause_hesitation/turn_002.wav', '-acodec', 'pcm_s32le', '-vn', '-f', 'wav', '-'])
2026-09-20 20:46:15 | DEBUG    | pydub.converter | subprocess.call(['ffmpeg', '-y', '-i', '/home/myu/code/5703tts/data/smoke/production_readiness_cv3_output/smoke_004_pause_hesitation/turn_003.wav', '-acodec', 'pcm_s32le', '-vn', '-f', 'wav', '-'])
2026-09-20 20:46:15 | DEBUG    | pydub.converter | subprocess.call(['ffmpeg', '-y', '-i', '/home/myu/code/5703tts/data/smoke/production_readiness_cv3_output/smoke_004_pause_hesitation/turn_004.wav', '-acodec', 'pcm_s32le', '-vn', '-f', 'wav', '-'])
2026-09-20 20:46:15 | DEBUG    | pydub.converter | subprocess.call(['ffmpeg', '-y', '-i', '/home/myu/code/5703tts/data/smoke/production_readiness_cv3_output/smoke_004_pause_hesitation/turn_005.wav', '-acodec', 'pcm_s32le', '-vn', '-f', 'wav', '-'])
2026-09-20 20:46:15 | DEBUG    | pydub.converter | subprocess.call(['ffmpeg', '-y', '-i', '/home/myu/code/5703tts/data/smoke/production_readiness_cv3_output/smoke_004_pause_hesitation/turn_006.wav', '-acodec', 'pcm_s32le', '-vn', '-f', 'wav', '-'])
2026-09-20 20:46:13 | DEBUG    | pydub.converter | subprocess.call(['ffmpeg', '-y', '-i', '/home/myu/code/5703tts/data/smoke/production_readiness_cv3_output/smoke_005_mixed_longer/turn_001.wav', '-acodec', 'pcm_s32le', '-vn', '-f', 'wav', '-'])
2026-09-20 20:46:13 | DEBUG    | pydub.converter | subprocess.call(['ffmpeg', '-y', '-i', '/home/myu/code/5703tts/data/smoke/production_readiness_cv3_output/smoke_005_mixed_longer/turn_002.wav', '-acodec', 'pcm_s32le', '-vn', '-f', 'wav', '-'])
2026-09-20 20:46:13 | DEBUG    | pydub.converter | subprocess.call(['ffmpeg', '-y', '-i', '/home/myu/code/5703tts/data/smoke/production_readiness_cv3_output/smoke_005_mixed_longer/turn_003.wav', '-acodec', 'pcm_s32le', '-vn', '-f', 'wav', '-'])
2026-09-20 20:46:13 | DEBUG    | pydub.converter | subprocess.call(['ffmpeg', '-y', '-i', '/home/myu/code/5703tts/data/smoke/production_readiness_cv3_output/smoke_005_mixed_longer/turn_004.wav', '-acodec', 'pcm_s32le', '-vn', '-f', 'wav', '-'])
2026-09-20 20:46:13 | DEBUG    | pydub.converter | subprocess.call(['ffmpeg', '-y', '-i', '/home/myu/code/5703tts/data/smoke/production_readiness_cv3_output/smoke_005_mixed_longer/turn_005.wav', '-acodec', 'pcm_s32le', '-vn', '-f', 'wav', '-'])
2026-09-20 20:46:13 | DEBUG    | pydub.converter | subprocess.call(['ffmpeg', '-y', '-i', '/home/myu/code/5703tts/data/smoke/production_readiness_cv3_output/smoke_005_mixed_longer/turn_006.wav', '-acodec', 'pcm_s32le', '-vn', '-f', 'wav', '-'])
2026-09-20 20:46:13 | INFO     | tts5703.cli | event=final_batch_complete status=success rendered=1 resumed=4 excluded=0 failed=0 elapsed_sec=74.43 manifest=data/smoke/production_readiness_cv3_output/batch_result.json
